<?xml version="1.0" encoding="ISO-8859-1" ?>
<link_info>
   <banner>TI ARM Clang Linker PC v3.2.2.LTS</banner>
   <copyright>Copyright (c) 1996-2018 Texas Instruments Incorporated</copyright>
   <link_time>0x69c69a6a</link_time>
   <link_errors>0x0</link_errors>
   <output_file>D:\TI\workspace\G3507_DriverLib_Task_ADC_FFT_E07_T1\Debug\G3507_DriverLib_Task_ADC_FFT_E07_T1.out</output_file>
   <entry_point>
      <name>_c_int00_noargs</name>
      <address>0x6ca9</address>
   </entry_point>
   <input_file_list>
      <input_file id="fl-1">
         <path>D:\TI\workspace\G3507_DriverLib_Task_ADC_FFT_E07_T1\Debug\.\</path>
         <kind>object</kind>
         <file>I2C_GPIO_25a.o</file>
         <name>I2C_GPIO_25a.o</name>
      </input_file>
      <input_file id="fl-2">
         <path>D:\TI\workspace\G3507_DriverLib_Task_ADC_FFT_E07_T1\Debug\.\</path>
         <kind>object</kind>
         <file>NOR_FLASH.o</file>
         <name>NOR_FLASH.o</name>
      </input_file>
      <input_file id="fl-3">
         <path>D:\TI\workspace\G3507_DriverLib_Task_ADC_FFT_E07_T1\Debug\.\</path>
         <kind>object</kind>
         <file>OLED13.o</file>
         <name>OLED13.o</name>
      </input_file>
      <input_file id="fl-4">
         <path>D:\TI\workspace\G3507_DriverLib_Task_ADC_FFT_E07_T1\Debug\.\</path>
         <kind>object</kind>
         <file>OLED_BMP.o</file>
         <name>OLED_BMP.o</name>
      </input_file>
      <input_file id="fl-5">
         <path>D:\TI\workspace\G3507_DriverLib_Task_ADC_FFT_E07_T1\Debug\.\</path>
         <kind>object</kind>
         <file>OLED_Font.o</file>
         <name>OLED_Font.o</name>
      </input_file>
      <input_file id="fl-6">
         <path>D:\TI\workspace\G3507_DriverLib_Task_ADC_FFT_E07_T1\Debug\.\</path>
         <kind>object</kind>
         <file>main.o</file>
         <name>main.o</name>
      </input_file>
      <input_file id="fl-7">
         <path>D:\TI\workspace\G3507_DriverLib_Task_ADC_FFT_E07_T1\Debug\.\</path>
         <kind>object</kind>
         <file>ti_msp_dl_config.o</file>
         <name>ti_msp_dl_config.o</name>
      </input_file>
      <input_file id="fl-8">
         <path>D:\TI\workspace\G3507_DriverLib_Task_ADC_FFT_E07_T1\Debug\.\</path>
         <kind>object</kind>
         <file>startup_mspm0g350x_ticlang.o</file>
         <name>startup_mspm0g350x_ticlang.o</name>
      </input_file>
      <input_file id="fl-16">
         <path>D:\TI\workspace\G3507_DriverLib_Task_ADC_FFT_E07_T1\Debug\</path>
         <kind>object</kind>
         <file>&lt;internal&gt;</file>
         <name>&lt;internal&gt;</name>
      </input_file>
      <input_file id="fl-17">
         <path>D:\TI\mspm0_sdk_2_06_00_05\source\third_party\CMSIS\DSP\lib\ticlang\m0p\</path>
         <kind>archive</kind>
         <file>arm_cortexM0l_math.a</file>
         <name>arm_const_structs.o</name>
      </input_file>
      <input_file id="fl-18">
         <path>D:\TI\mspm0_sdk_2_06_00_05\source\third_party\CMSIS\DSP\lib\ticlang\m0p\</path>
         <kind>archive</kind>
         <file>arm_cortexM0l_math.a</file>
         <name>arm_cmplx_mag_q15.o</name>
      </input_file>
      <input_file id="fl-19">
         <path>D:\TI\mspm0_sdk_2_06_00_05\source\third_party\CMSIS\DSP\lib\ticlang\m0p\</path>
         <kind>archive</kind>
         <file>arm_cortexM0l_math.a</file>
         <name>arm_sqrt_q15.o</name>
      </input_file>
      <input_file id="fl-1a">
         <path>D:\TI\mspm0_sdk_2_06_00_05\source\third_party\CMSIS\DSP\lib\ticlang\m0p\</path>
         <kind>archive</kind>
         <file>arm_cortexM0l_math.a</file>
         <name>arm_max_q15.o</name>
      </input_file>
      <input_file id="fl-1b">
         <path>D:\TI\mspm0_sdk_2_06_00_05\source\third_party\CMSIS\DSP\lib\ticlang\m0p\</path>
         <kind>archive</kind>
         <file>arm_cortexM0l_math.a</file>
         <name>arm_cfft_q15.o</name>
      </input_file>
      <input_file id="fl-1c">
         <path>D:\TI\mspm0_sdk_2_06_00_05\source\third_party\CMSIS\DSP\lib\ticlang\m0p\</path>
         <kind>archive</kind>
         <file>arm_cortexM0l_math.a</file>
         <name>arm_cfft_radix4_q15.o</name>
      </input_file>
      <input_file id="fl-1d">
         <path>D:\TI\mspm0_sdk_2_06_00_05\source\third_party\CMSIS\DSP\lib\ticlang\m0p\</path>
         <kind>archive</kind>
         <file>arm_cortexM0l_math.a</file>
         <name>arm_common_tables.o</name>
      </input_file>
      <input_file id="fl-1e">
         <path>D:\TI\mspm0_sdk_2_06_00_05\source\third_party\CMSIS\DSP\lib\ticlang\m0p\</path>
         <kind>archive</kind>
         <file>arm_cortexM0l_math.a</file>
         <name>arm_bitreversal.o</name>
      </input_file>
      <input_file id="fl-1f">
         <path>D:\TI\mspm0_sdk_2_06_00_05\source\third_party\CMSIS\DSP\lib\ticlang\m0p\</path>
         <kind>archive</kind>
         <file>arm_cortexM0l_math.a</file>
         <name>arm_bitreversal2.o</name>
      </input_file>
      <input_file id="fl-20">
         <path>D:\TI\mspm0_sdk_2_06_00_05\source\ti\driverlib\lib\ticlang\m0p\mspm0g1x0x_g3x0x\</path>
         <kind>archive</kind>
         <file>driverlib.a</file>
         <name>dl_adc12.o</name>
      </input_file>
      <input_file id="fl-21">
         <path>D:\TI\mspm0_sdk_2_06_00_05\source\ti\driverlib\lib\ticlang\m0p\mspm0g1x0x_g3x0x\</path>
         <kind>archive</kind>
         <file>driverlib.a</file>
         <name>dl_common.o</name>
      </input_file>
      <input_file id="fl-22">
         <path>D:\TI\mspm0_sdk_2_06_00_05\source\ti\driverlib\lib\ticlang\m0p\mspm0g1x0x_g3x0x\</path>
         <kind>archive</kind>
         <file>driverlib.a</file>
         <name>dl_dac12.o</name>
      </input_file>
      <input_file id="fl-23">
         <path>D:\TI\mspm0_sdk_2_06_00_05\source\ti\driverlib\lib\ticlang\m0p\mspm0g1x0x_g3x0x\</path>
         <kind>archive</kind>
         <file>driverlib.a</file>
         <name>dl_spi.o</name>
      </input_file>
      <input_file id="fl-24">
         <path>D:\TI\mspm0_sdk_2_06_00_05\source\ti\driverlib\lib\ticlang\m0p\mspm0g1x0x_g3x0x\</path>
         <kind>archive</kind>
         <file>driverlib.a</file>
         <name>dl_timer.o</name>
      </input_file>
      <input_file id="fl-25">
         <path>D:\TI\mspm0_sdk_2_06_00_05\source\ti\driverlib\lib\ticlang\m0p\mspm0g1x0x_g3x0x\</path>
         <kind>archive</kind>
         <file>driverlib.a</file>
         <name>dl_uart.o</name>
      </input_file>
      <input_file id="fl-34">
         <path>D:\TI\ccs\tools\compiler\ti-cgt-armllvm_3.2.2.LTS\lib\armv6m-ti-none-eabi\c\</path>
         <kind>archive</kind>
         <file>libc.a</file>
         <name>printf.c.obj</name>
      </input_file>
      <input_file id="fl-35">
         <path>D:\TI\ccs\tools\compiler\ti-cgt-armllvm_3.2.2.LTS\lib\armv6m-ti-none-eabi\c\</path>
         <kind>archive</kind>
         <file>libc.a</file>
         <name>_printfi.c.obj</name>
      </input_file>
      <input_file id="fl-36">
         <path>D:\TI\ccs\tools\compiler\ti-cgt-armllvm_3.2.2.LTS\lib\armv6m-ti-none-eabi\c\</path>
         <kind>archive</kind>
         <file>libc.a</file>
         <name>s_frexp.c.obj</name>
      </input_file>
      <input_file id="fl-37">
         <path>D:\TI\ccs\tools\compiler\ti-cgt-armllvm_3.2.2.LTS\lib\armv6m-ti-none-eabi\c\</path>
         <kind>archive</kind>
         <file>libc.a</file>
         <name>s_scalbn.c.obj</name>
      </input_file>
      <input_file id="fl-38">
         <path>D:\TI\ccs\tools\compiler\ti-cgt-armllvm_3.2.2.LTS\lib\armv6m-ti-none-eabi\c\</path>
         <kind>archive</kind>
         <file>libc.a</file>
         <name>aeabi_portable.c.obj</name>
      </input_file>
      <input_file id="fl-39">
         <path>D:\TI\ccs\tools\compiler\ti-cgt-armllvm_3.2.2.LTS\lib\armv6m-ti-none-eabi\c\</path>
         <kind>archive</kind>
         <file>libc.a</file>
         <name>_lock.c.obj</name>
      </input_file>
      <input_file id="fl-3a">
         <path>D:\TI\ccs\tools\compiler\ti-cgt-armllvm_3.2.2.LTS\lib\armv6m-ti-none-eabi\c\</path>
         <kind>archive</kind>
         <file>libc.a</file>
         <name>_ltoa.c.obj</name>
      </input_file>
      <input_file id="fl-3b">
         <path>D:\TI\ccs\tools\compiler\ti-cgt-armllvm_3.2.2.LTS\lib\armv6m-ti-none-eabi\c\</path>
         <kind>archive</kind>
         <file>libc.a</file>
         <name>assert.c.obj</name>
      </input_file>
      <input_file id="fl-3c">
         <path>D:\TI\ccs\tools\compiler\ti-cgt-armllvm_3.2.2.LTS\lib\armv6m-ti-none-eabi\c\</path>
         <kind>archive</kind>
         <file>libc.a</file>
         <name>atoi.c.obj</name>
      </input_file>
      <input_file id="fl-3d">
         <path>D:\TI\ccs\tools\compiler\ti-cgt-armllvm_3.2.2.LTS\lib\armv6m-ti-none-eabi\c\</path>
         <kind>archive</kind>
         <file>libc.a</file>
         <name>defs.c.obj</name>
      </input_file>
      <input_file id="fl-3e">
         <path>D:\TI\ccs\tools\compiler\ti-cgt-armllvm_3.2.2.LTS\lib\armv6m-ti-none-eabi\c\</path>
         <kind>archive</kind>
         <file>libc.a</file>
         <name>memccpy.c.obj</name>
      </input_file>
      <input_file id="fl-3f">
         <path>D:\TI\ccs\tools\compiler\ti-cgt-armllvm_3.2.2.LTS\lib\armv6m-ti-none-eabi\c\</path>
         <kind>archive</kind>
         <file>libc.a</file>
         <name>memory.c.obj</name>
      </input_file>
      <input_file id="fl-40">
         <path>D:\TI\ccs\tools\compiler\ti-cgt-armllvm_3.2.2.LTS\lib\armv6m-ti-none-eabi\c\</path>
         <kind>archive</kind>
         <file>libc.a</file>
         <name>boot_cortex_m.c.obj</name>
      </input_file>
      <input_file id="fl-41">
         <path>D:\TI\ccs\tools\compiler\ti-cgt-armllvm_3.2.2.LTS\lib\armv6m-ti-none-eabi\c\</path>
         <kind>archive</kind>
         <file>libc.a</file>
         <name>mathacl_init.c.obj</name>
      </input_file>
      <input_file id="fl-42">
         <path>D:\TI\ccs\tools\compiler\ti-cgt-armllvm_3.2.2.LTS\lib\armv6m-ti-none-eabi\c\</path>
         <kind>archive</kind>
         <file>libc.a</file>
         <name>autoinit.c.obj</name>
      </input_file>
      <input_file id="fl-43">
         <path>D:\TI\ccs\tools\compiler\ti-cgt-armllvm_3.2.2.LTS\lib\armv6m-ti-none-eabi\c\</path>
         <kind>archive</kind>
         <file>libc.a</file>
         <name>pre_init.c.obj</name>
      </input_file>
      <input_file id="fl-44">
         <path>D:\TI\ccs\tools\compiler\ti-cgt-armllvm_3.2.2.LTS\lib\armv6m-ti-none-eabi\c\</path>
         <kind>archive</kind>
         <file>libc.a</file>
         <name>cpy_tbl.c.obj</name>
      </input_file>
      <input_file id="fl-45">
         <path>D:\TI\ccs\tools\compiler\ti-cgt-armllvm_3.2.2.LTS\lib\armv6m-ti-none-eabi\c\</path>
         <kind>archive</kind>
         <file>libc.a</file>
         <name>copy_zero_init.c.obj</name>
      </input_file>
      <input_file id="fl-46">
         <path>D:\TI\ccs\tools\compiler\ti-cgt-armllvm_3.2.2.LTS\lib\armv6m-ti-none-eabi\c\</path>
         <kind>archive</kind>
         <file>libc.a</file>
         <name>copy_decompress_none.c.obj</name>
      </input_file>
      <input_file id="fl-47">
         <path>D:\TI\ccs\tools\compiler\ti-cgt-armllvm_3.2.2.LTS\lib\armv6m-ti-none-eabi\c\</path>
         <kind>archive</kind>
         <file>libc.a</file>
         <name>copy_decompress_lzss.c.obj</name>
      </input_file>
      <input_file id="fl-48">
         <path>D:\TI\ccs\tools\compiler\ti-cgt-armllvm_3.2.2.LTS\lib\armv6m-ti-none-eabi\c\</path>
         <kind>archive</kind>
         <file>libc.a</file>
         <name>wcslen.c.obj</name>
      </input_file>
      <input_file id="fl-49">
         <path>D:\TI\ccs\tools\compiler\ti-cgt-armllvm_3.2.2.LTS\lib\armv6m-ti-none-eabi\c\</path>
         <kind>archive</kind>
         <file>libc.a</file>
         <name>sprintf.c.obj</name>
      </input_file>
      <input_file id="fl-4a">
         <path>D:\TI\ccs\tools\compiler\ti-cgt-armllvm_3.2.2.LTS\lib\armv6m-ti-none-eabi\c\</path>
         <kind>archive</kind>
         <file>libc.a</file>
         <name>fflush.c.obj</name>
      </input_file>
      <input_file id="fl-4b">
         <path>D:\TI\ccs\tools\compiler\ti-cgt-armllvm_3.2.2.LTS\lib\armv6m-ti-none-eabi\c\</path>
         <kind>archive</kind>
         <file>libc.a</file>
         <name>aeabi_ctype.S.obj</name>
      </input_file>
      <input_file id="fl-4c">
         <path>D:\TI\ccs\tools\compiler\ti-cgt-armllvm_3.2.2.LTS\lib\armv6m-ti-none-eabi\c\</path>
         <kind>archive</kind>
         <file>libc.a</file>
         <name>exit.c.obj</name>
      </input_file>
      <input_file id="fl-4d">
         <path>D:\TI\ccs\tools\compiler\ti-cgt-armllvm_3.2.2.LTS\lib\armv6m-ti-none-eabi\c\</path>
         <kind>archive</kind>
         <file>libc.a</file>
         <name>args_main.c.obj</name>
      </input_file>
      <input_file id="fl-b3">
         <path>D:\TI\ccs\tools\compiler\ti-cgt-armllvm_3.2.2.LTS\lib\armv6m-ti-none-eabi\c\</path>
         <kind>archive</kind>
         <file>libsysbm.a</file>
         <name>write.c.obj</name>
      </input_file>
      <input_file id="fl-b4">
         <path>D:\TI\ccs\tools\compiler\ti-cgt-armllvm_3.2.2.LTS\lib\armv6m-ti-none-eabi\c\</path>
         <kind>archive</kind>
         <file>libsysbm.a</file>
         <name>host_device.c.obj</name>
      </input_file>
      <input_file id="fl-b5">
         <path>D:\TI\ccs\tools\compiler\ti-cgt-armllvm_3.2.2.LTS\lib\armv6m-ti-none-eabi\c\</path>
         <kind>archive</kind>
         <file>libsysbm.a</file>
         <name>hostclose.c.obj</name>
      </input_file>
      <input_file id="fl-b6">
         <path>D:\TI\ccs\tools\compiler\ti-cgt-armllvm_3.2.2.LTS\lib\armv6m-ti-none-eabi\c\</path>
         <kind>archive</kind>
         <file>libsysbm.a</file>
         <name>hostlseek.c.obj</name>
      </input_file>
      <input_file id="fl-b7">
         <path>D:\TI\ccs\tools\compiler\ti-cgt-armllvm_3.2.2.LTS\lib\armv6m-ti-none-eabi\c\</path>
         <kind>archive</kind>
         <file>libsysbm.a</file>
         <name>hostopen.c.obj</name>
      </input_file>
      <input_file id="fl-b8">
         <path>D:\TI\ccs\tools\compiler\ti-cgt-armllvm_3.2.2.LTS\lib\armv6m-ti-none-eabi\c\</path>
         <kind>archive</kind>
         <file>libsysbm.a</file>
         <name>hostread.c.obj</name>
      </input_file>
      <input_file id="fl-b9">
         <path>D:\TI\ccs\tools\compiler\ti-cgt-armllvm_3.2.2.LTS\lib\armv6m-ti-none-eabi\c\</path>
         <kind>archive</kind>
         <file>libsysbm.a</file>
         <name>hostrename.c.obj</name>
      </input_file>
      <input_file id="fl-ba">
         <path>D:\TI\ccs\tools\compiler\ti-cgt-armllvm_3.2.2.LTS\lib\armv6m-ti-none-eabi\c\</path>
         <kind>archive</kind>
         <file>libsysbm.a</file>
         <name>hostunlink.c.obj</name>
      </input_file>
      <input_file id="fl-bb">
         <path>D:\TI\ccs\tools\compiler\ti-cgt-armllvm_3.2.2.LTS\lib\armv6m-ti-none-eabi\c\</path>
         <kind>archive</kind>
         <file>libsysbm.a</file>
         <name>hostwrite.c.obj</name>
      </input_file>
      <input_file id="fl-bc">
         <path>D:\TI\ccs\tools\compiler\ti-cgt-armllvm_3.2.2.LTS\lib\armv6m-ti-none-eabi\c\</path>
         <kind>archive</kind>
         <file>libsysbm.a</file>
         <name>trgmsg.c.obj</name>
      </input_file>
      <input_file id="fl-bd">
         <path>D:\TI\ccs\tools\compiler\ti-cgt-armllvm_3.2.2.LTS\lib\clang\15.0.7\lib\armv6m-ti-none-eabi\</path>
         <kind>archive</kind>
         <file>libclang_rt.builtins.a</file>
         <name>addsf3.S.obj</name>
      </input_file>
      <input_file id="fl-be">
         <path>D:\TI\ccs\tools\compiler\ti-cgt-armllvm_3.2.2.LTS\lib\clang\15.0.7\lib\armv6m-ti-none-eabi\</path>
         <kind>archive</kind>
         <file>libclang_rt.builtins.a</file>
         <name>adddf3.S.obj</name>
      </input_file>
      <input_file id="fl-bf">
         <path>D:\TI\ccs\tools\compiler\ti-cgt-armllvm_3.2.2.LTS\lib\clang\15.0.7\lib\armv6m-ti-none-eabi\</path>
         <kind>archive</kind>
         <file>libclang_rt.builtins.a</file>
         <name>muldf3.S.obj</name>
      </input_file>
      <input_file id="fl-c0">
         <path>D:\TI\ccs\tools\compiler\ti-cgt-armllvm_3.2.2.LTS\lib\clang\15.0.7\lib\armv6m-ti-none-eabi\</path>
         <kind>archive</kind>
         <file>libclang_rt.builtins.a</file>
         <name>muldsi3.S.obj</name>
      </input_file>
      <input_file id="fl-c1">
         <path>D:\TI\ccs\tools\compiler\ti-cgt-armllvm_3.2.2.LTS\lib\clang\15.0.7\lib\armv6m-ti-none-eabi\</path>
         <kind>archive</kind>
         <file>libclang_rt.builtins.a</file>
         <name>mulsf3.S.obj</name>
      </input_file>
      <input_file id="fl-c2">
         <path>D:\TI\ccs\tools\compiler\ti-cgt-armllvm_3.2.2.LTS\lib\clang\15.0.7\lib\armv6m-ti-none-eabi\</path>
         <kind>archive</kind>
         <file>libclang_rt.builtins.a</file>
         <name>divsf3.S.obj</name>
      </input_file>
      <input_file id="fl-c3">
         <path>D:\TI\ccs\tools\compiler\ti-cgt-armllvm_3.2.2.LTS\lib\clang\15.0.7\lib\armv6m-ti-none-eabi\</path>
         <kind>archive</kind>
         <file>libclang_rt.builtins.a</file>
         <name>divdf3.S.obj</name>
      </input_file>
      <input_file id="fl-c4">
         <path>D:\TI\ccs\tools\compiler\ti-cgt-armllvm_3.2.2.LTS\lib\clang\15.0.7\lib\armv6m-ti-none-eabi\</path>
         <kind>archive</kind>
         <file>libclang_rt.builtins.a</file>
         <name>extendsfdf2.S.obj</name>
      </input_file>
      <input_file id="fl-c5">
         <path>D:\TI\ccs\tools\compiler\ti-cgt-armllvm_3.2.2.LTS\lib\clang\15.0.7\lib\armv6m-ti-none-eabi\</path>
         <kind>archive</kind>
         <file>libclang_rt.builtins.a</file>
         <name>fixdfsi.S.obj</name>
      </input_file>
      <input_file id="fl-c6">
         <path>D:\TI\ccs\tools\compiler\ti-cgt-armllvm_3.2.2.LTS\lib\clang\15.0.7\lib\armv6m-ti-none-eabi\</path>
         <kind>archive</kind>
         <file>libclang_rt.builtins.a</file>
         <name>fixsfsi.S.obj</name>
      </input_file>
      <input_file id="fl-c7">
         <path>D:\TI\ccs\tools\compiler\ti-cgt-armllvm_3.2.2.LTS\lib\clang\15.0.7\lib\armv6m-ti-none-eabi\</path>
         <kind>archive</kind>
         <file>libclang_rt.builtins.a</file>
         <name>fixunsdfsi.S.obj</name>
      </input_file>
      <input_file id="fl-c8">
         <path>D:\TI\ccs\tools\compiler\ti-cgt-armllvm_3.2.2.LTS\lib\clang\15.0.7\lib\armv6m-ti-none-eabi\</path>
         <kind>archive</kind>
         <file>libclang_rt.builtins.a</file>
         <name>fixunssfsi.S.obj</name>
      </input_file>
      <input_file id="fl-c9">
         <path>D:\TI\ccs\tools\compiler\ti-cgt-armllvm_3.2.2.LTS\lib\clang\15.0.7\lib\armv6m-ti-none-eabi\</path>
         <kind>archive</kind>
         <file>libclang_rt.builtins.a</file>
         <name>floatsidf.S.obj</name>
      </input_file>
      <input_file id="fl-ca">
         <path>D:\TI\ccs\tools\compiler\ti-cgt-armllvm_3.2.2.LTS\lib\clang\15.0.7\lib\armv6m-ti-none-eabi\</path>
         <kind>archive</kind>
         <file>libclang_rt.builtins.a</file>
         <name>floatsisf.S.obj</name>
      </input_file>
      <input_file id="fl-cb">
         <path>D:\TI\ccs\tools\compiler\ti-cgt-armllvm_3.2.2.LTS\lib\clang\15.0.7\lib\armv6m-ti-none-eabi\</path>
         <kind>archive</kind>
         <file>libclang_rt.builtins.a</file>
         <name>floatunsidf.S.obj</name>
      </input_file>
      <input_file id="fl-cc">
         <path>D:\TI\ccs\tools\compiler\ti-cgt-armllvm_3.2.2.LTS\lib\clang\15.0.7\lib\armv6m-ti-none-eabi\</path>
         <kind>archive</kind>
         <file>libclang_rt.builtins.a</file>
         <name>floatunsisf.S.obj</name>
      </input_file>
      <input_file id="fl-cd">
         <path>D:\TI\ccs\tools\compiler\ti-cgt-armllvm_3.2.2.LTS\lib\clang\15.0.7\lib\armv6m-ti-none-eabi\</path>
         <kind>archive</kind>
         <file>libclang_rt.builtins.a</file>
         <name>muldi3.S.obj</name>
      </input_file>
      <input_file id="fl-ce">
         <path>D:\TI\ccs\tools\compiler\ti-cgt-armllvm_3.2.2.LTS\lib\clang\15.0.7\lib\armv6m-ti-none-eabi\</path>
         <kind>archive</kind>
         <file>libclang_rt.builtins.a</file>
         <name>clzsi2.c.obj</name>
      </input_file>
      <input_file id="fl-cf">
         <path>D:\TI\ccs\tools\compiler\ti-cgt-armllvm_3.2.2.LTS\lib\clang\15.0.7\lib\armv6m-ti-none-eabi\</path>
         <kind>archive</kind>
         <file>libclang_rt.builtins.a</file>
         <name>aeabi_dcmp.S.obj</name>
      </input_file>
      <input_file id="fl-d0">
         <path>D:\TI\ccs\tools\compiler\ti-cgt-armllvm_3.2.2.LTS\lib\clang\15.0.7\lib\armv6m-ti-none-eabi\</path>
         <kind>archive</kind>
         <file>libclang_rt.builtins.a</file>
         <name>aeabi_fcmp.S.obj</name>
      </input_file>
      <input_file id="fl-d1">
         <path>D:\TI\ccs\tools\compiler\ti-cgt-armllvm_3.2.2.LTS\lib\clang\15.0.7\lib\armv6m-ti-none-eabi\</path>
         <kind>archive</kind>
         <file>libclang_rt.builtins.a</file>
         <name>aeabi_idivmod.S.obj</name>
      </input_file>
      <input_file id="fl-d2">
         <path>D:\TI\ccs\tools\compiler\ti-cgt-armllvm_3.2.2.LTS\lib\clang\15.0.7\lib\armv6m-ti-none-eabi\</path>
         <kind>archive</kind>
         <file>libclang_rt.builtins.a</file>
         <name>aeabi_memcpy.S.obj</name>
      </input_file>
      <input_file id="fl-d3">
         <path>D:\TI\ccs\tools\compiler\ti-cgt-armllvm_3.2.2.LTS\lib\clang\15.0.7\lib\armv6m-ti-none-eabi\</path>
         <kind>archive</kind>
         <file>libclang_rt.builtins.a</file>
         <name>aeabi_memset.S.obj</name>
      </input_file>
      <input_file id="fl-d4">
         <path>D:\TI\ccs\tools\compiler\ti-cgt-armllvm_3.2.2.LTS\lib\clang\15.0.7\lib\armv6m-ti-none-eabi\</path>
         <kind>archive</kind>
         <file>libclang_rt.builtins.a</file>
         <name>aeabi_uidivmod.S.obj</name>
      </input_file>
      <input_file id="fl-d5">
         <path>D:\TI\ccs\tools\compiler\ti-cgt-armllvm_3.2.2.LTS\lib\clang\15.0.7\lib\armv6m-ti-none-eabi\</path>
         <kind>archive</kind>
         <file>libclang_rt.builtins.a</file>
         <name>aeabi_uldivmod.S.obj</name>
      </input_file>
      <input_file id="fl-d6">
         <path>D:\TI\ccs\tools\compiler\ti-cgt-armllvm_3.2.2.LTS\lib\clang\15.0.7\lib\armv6m-ti-none-eabi\</path>
         <kind>archive</kind>
         <file>libclang_rt.builtins.a</file>
         <name>comparesf2.S.obj</name>
      </input_file>
      <input_file id="fl-d7">
         <path>D:\TI\ccs\tools\compiler\ti-cgt-armllvm_3.2.2.LTS\lib\clang\15.0.7\lib\armv6m-ti-none-eabi\</path>
         <kind>archive</kind>
         <file>libclang_rt.builtins.a</file>
         <name>udivmoddi4.S.obj</name>
      </input_file>
      <input_file id="fl-d8">
         <path>D:\TI\ccs\tools\compiler\ti-cgt-armllvm_3.2.2.LTS\lib\clang\15.0.7\lib\armv6m-ti-none-eabi\</path>
         <kind>archive</kind>
         <file>libclang_rt.builtins.a</file>
         <name>ashldi3.S.obj</name>
      </input_file>
      <input_file id="fl-d9">
         <path>D:\TI\ccs\tools\compiler\ti-cgt-armllvm_3.2.2.LTS\lib\clang\15.0.7\lib\armv6m-ti-none-eabi\</path>
         <kind>archive</kind>
         <file>libclang_rt.builtins.a</file>
         <name>comparedf2.c.obj</name>
      </input_file>
      <input_file id="fl-da">
         <path>D:\TI\ccs\tools\compiler\ti-cgt-armllvm_3.2.2.LTS\lib\clang\15.0.7\lib\armv6m-ti-none-eabi\</path>
         <kind>archive</kind>
         <file>libclang_rt.builtins.a</file>
         <name>aeabi_div0.c.obj</name>
      </input_file>
      <input_file id="fl-db">
         <path>D:\TI\ccs\tools\compiler\ti-cgt-armllvm_3.2.2.LTS\lib\armv6m-ti-none-eabi\c\</path>
         <kind>archive</kind>
         <file>libc.a</file>
         <name>memcpy16.S.obj</name>
      </input_file>
      <input_file id="fl-dc">
         <path>D:\TI\ccs\tools\compiler\ti-cgt-armllvm_3.2.2.LTS\lib\armv6m-ti-none-eabi\c\</path>
         <kind>archive</kind>
         <file>libc.a</file>
         <name>memset16.S.obj</name>
      </input_file>
   </input_file_list>
   <object_component_list>
      <object_component id="oc-18">
         <name>.intvecs</name>
         <load_address>0x0</load_address>
         <readonly>true</readonly>
         <run_address>0x0</run_address>
         <size>0xc0</size>
         <alignment>0x4</alignment>
         <input_file_ref idref="fl-8"/>
      </object_component>
      <object_component id="oc-20c">
         <name>.text:__TI_printfi</name>
         <load_address>0xc0</load_address>
         <readonly>true</readonly>
         <executable>true</executable>
         <run_address>0xc0</run_address>
         <size>0xa00</size>
         <alignment>0x4</alignment>
         <input_file_ref idref="fl-35"/>
      </object_component>
      <object_component id="oc-ad">
         <name>.text.main</name>
         <load_address>0xac0</load_address>
         <readonly>true</readonly>
         <executable>true</executable>
         <run_address>0xac0</run_address>
         <size>0x728</size>
         <alignment>0x4</alignment>
         <input_file_ref idref="fl-6"/>
      </object_component>
      <object_component id="oc-1eb">
         <name>.text.Write_IIC_Command</name>
         <load_address>0x11e8</load_address>
         <readonly>true</readonly>
         <executable>true</executable>
         <run_address>0x11e8</run_address>
         <size>0x570</size>
         <alignment>0x4</alignment>
         <input_file_ref idref="fl-1"/>
      </object_component>
      <object_component id="oc-1ea">
         <name>.text.Write_IIC_Data</name>
         <load_address>0x1758</load_address>
         <readonly>true</readonly>
         <executable>true</executable>
         <run_address>0x1758</run_address>
         <size>0x570</size>
         <alignment>0x4</alignment>
         <input_file_ref idref="fl-1"/>
      </object_component>
      <object_component id="oc-17a">
         <name>.text.arm_radix4_butterfly_inverse_q15</name>
         <load_address>0x1cc8</load_address>
         <readonly>true</readonly>
         <executable>true</executable>
         <run_address>0x1cc8</run_address>
         <size>0x4f4</size>
         <alignment>0x4</alignment>
         <input_file_ref idref="fl-1c"/>
      </object_component>
      <object_component id="oc-187">
         <name>.text.arm_radix4_butterfly_q15</name>
         <load_address>0x21bc</load_address>
         <readonly>true</readonly>
         <executable>true</executable>
         <run_address>0x21bc</run_address>
         <size>0x4ec</size>
         <alignment>0x4</alignment>
         <input_file_ref idref="fl-1c"/>
      </object_component>
      <object_component id="oc-104">
         <name>.text.FLASH_CheckAndSaveADCData</name>
         <load_address>0x26a8</load_address>
         <readonly>true</readonly>
         <executable>true</executable>
         <run_address>0x26a8</run_address>
         <size>0x4b8</size>
         <alignment>0x4</alignment>
         <input_file_ref idref="fl-6"/>
      </object_component>
      <object_component id="oc-34">
         <name>.text.GROUP1_IRQHandler</name>
         <load_address>0x2b60</load_address>
         <readonly>true</readonly>
         <executable>true</executable>
         <run_address>0x2b60</run_address>
         <size>0x478</size>
         <alignment>0x4</alignment>
         <input_file_ref idref="fl-6"/>
      </object_component>
      <object_component id="oc-194">
         <name>.text.Norflash_Write</name>
         <load_address>0x2fd8</load_address>
         <readonly>true</readonly>
         <executable>true</executable>
         <run_address>0x2fd8</run_address>
         <size>0x458</size>
         <alignment>0x4</alignment>
         <input_file_ref idref="fl-2"/>
      </object_component>
      <object_component id="oc-179">
         <name>.text.arm_cfft_radix4by2_inverse_q15</name>
         <load_address>0x3430</load_address>
         <readonly>true</readonly>
         <executable>true</executable>
         <run_address>0x3430</run_address>
         <size>0x340</size>
         <alignment>0x2</alignment>
         <input_file_ref idref="fl-1b"/>
      </object_component>
      <object_component id="oc-180">
         <name>.text.arm_cfft_radix4by2_q15</name>
         <load_address>0x3770</load_address>
         <readonly>true</readonly>
         <executable>true</executable>
         <run_address>0x3770</run_address>
         <size>0x340</size>
         <alignment>0x2</alignment>
         <input_file_ref idref="fl-1b"/>
      </object_component>
      <object_component id="oc-f5">
         <name>.text.Show_FFT_Spectrum</name>
         <load_address>0x3ab0</load_address>
         <readonly>true</readonly>
         <executable>true</executable>
         <run_address>0x3ab0</run_address>
         <size>0x2a4</size>
         <alignment>0x4</alignment>
         <input_file_ref idref="fl-6"/>
      </object_component>
      <object_component id="oc-24c">
         <name>.text._pconv_a</name>
         <load_address>0x3d54</load_address>
         <readonly>true</readonly>
         <executable>true</executable>
         <run_address>0x3d54</run_address>
         <size>0x220</size>
         <alignment>0x4</alignment>
         <input_file_ref idref="fl-35"/>
      </object_component>
      <object_component id="oc-24f">
         <name>.text._pconv_g</name>
         <load_address>0x3f74</load_address>
         <readonly>true</readonly>
         <executable>true</executable>
         <run_address>0x3f74</run_address>
         <size>0x1dc</size>
         <alignment>0x4</alignment>
         <input_file_ref idref="fl-35"/>
      </object_component>
      <object_component id="oc-28f">
         <name>.text.adddf3_subdf3</name>
         <load_address>0x4150</load_address>
         <readonly>true</readonly>
         <executable>true</executable>
         <run_address>0x4150</run_address>
         <size>0x192</size>
         <alignment>0x4</alignment>
         <input_file_ref idref="fl-be"/>
      </object_component>
      <object_component id="oc-33">
         <name>.text.Default_Handler</name>
         <load_address>0x42e2</load_address>
         <readonly>true</readonly>
         <executable>true</executable>
         <run_address>0x42e2</run_address>
         <size>0x2</size>
         <alignment>0x2</alignment>
         <input_file_ref idref="fl-8"/>
      </object_component>
      <object_component id="oc-123">
         <name>.text.Show_Freq_And_Ampl</name>
         <load_address>0x42e4</load_address>
         <readonly>true</readonly>
         <executable>true</executable>
         <run_address>0x42e4</run_address>
         <size>0x178</size>
         <alignment>0x4</alignment>
         <input_file_ref idref="fl-6"/>
      </object_component>
      <object_component id="oc-f3">
         <name>.text.DAC_Init</name>
         <load_address>0x445c</load_address>
         <readonly>true</readonly>
         <executable>true</executable>
         <run_address>0x445c</run_address>
         <size>0x15c</size>
         <alignment>0x4</alignment>
         <input_file_ref idref="fl-6"/>
      </object_component>
      <object_component id="oc-200">
         <name>.text.Norflash_Write_Page</name>
         <load_address>0x45b8</load_address>
         <readonly>true</readonly>
         <executable>true</executable>
         <run_address>0x45b8</run_address>
         <size>0x158</size>
         <alignment>0x4</alignment>
         <input_file_ref idref="fl-2"/>
      </object_component>
      <object_component id="oc-f1">
         <name>.text.OLED_Clear</name>
         <load_address>0x4710</load_address>
         <readonly>true</readonly>
         <executable>true</executable>
         <run_address>0x4710</run_address>
         <size>0x144</size>
         <alignment>0x2</alignment>
         <input_file_ref idref="fl-3"/>
      </object_component>
      <object_component id="oc-28e">
         <name>.text.fcvt</name>
         <load_address>0x4854</load_address>
         <readonly>true</readonly>
         <executable>true</executable>
         <run_address>0x4854</run_address>
         <size>0x13c</size>
         <alignment>0x4</alignment>
         <input_file_ref idref="fl-35"/>
      </object_component>
      <object_component id="oc-201">
         <name>.text.Norflash_Erase_Sector</name>
         <load_address>0x4990</load_address>
         <readonly>true</readonly>
         <executable>true</executable>
         <run_address>0x4990</run_address>
         <size>0x124</size>
         <alignment>0x4</alignment>
         <input_file_ref idref="fl-2"/>
      </object_component>
      <object_component id="oc-24d">
         <name>.text._pconv_e</name>
         <load_address>0x4ab4</load_address>
         <readonly>true</readonly>
         <executable>true</executable>
         <run_address>0x4ab4</run_address>
         <size>0x120</size>
         <alignment>0x4</alignment>
         <input_file_ref idref="fl-35"/>
      </object_component>
      <object_component id="oc-19a">
         <name>.text.Norflash_Read</name>
         <load_address>0x4bd4</load_address>
         <readonly>true</readonly>
         <executable>true</executable>
         <run_address>0x4bd4</run_address>
         <size>0x114</size>
         <alignment>0x4</alignment>
         <input_file_ref idref="fl-2"/>
      </object_component>
      <object_component id="oc-ec">
         <name>.text.OLED_Init</name>
         <load_address>0x4ce8</load_address>
         <readonly>true</readonly>
         <executable>true</executable>
         <run_address>0x4ce8</run_address>
         <size>0x114</size>
         <alignment>0x2</alignment>
         <input_file_ref idref="fl-3"/>
      </object_component>
      <object_component id="oc-28a">
         <name>.text.__divdf3</name>
         <load_address>0x4dfc</load_address>
         <readonly>true</readonly>
         <executable>true</executable>
         <run_address>0x4dfc</run_address>
         <size>0x10c</size>
         <alignment>0x4</alignment>
         <input_file_ref idref="fl-c3"/>
      </object_component>
      <object_component id="oc-1b4">
         <name>.text.OLED_ShowNum</name>
         <load_address>0x4f08</load_address>
         <readonly>true</readonly>
         <executable>true</executable>
         <run_address>0x4f08</run_address>
         <size>0x106</size>
         <alignment>0x2</alignment>
         <input_file_ref idref="fl-3"/>
      </object_component>
      <object_component id="oc-c9">
         <name>.text.__aeabi_idiv0</name>
         <load_address>0x500e</load_address>
         <readonly>true</readonly>
         <executable>true</executable>
         <run_address>0x500e</run_address>
         <size>0x2</size>
         <alignment>0x2</alignment>
         <input_file_ref idref="fl-da"/>
      </object_component>
      <object_component id="oc-1c8">
         <name>.text.DL_Timer_initFourCCPWMMode</name>
         <load_address>0x5010</load_address>
         <readonly>true</readonly>
         <executable>true</executable>
         <run_address>0x5010</run_address>
         <size>0x104</size>
         <alignment>0x4</alignment>
         <input_file_ref idref="fl-24"/>
      </object_component>
      <object_component id="oc-1cd">
         <name>.text.DL_Timer_initTimerMode</name>
         <load_address>0x5114</load_address>
         <readonly>true</readonly>
         <executable>true</executable>
         <run_address>0x5114</run_address>
         <size>0xfc</size>
         <alignment>0x4</alignment>
         <input_file_ref idref="fl-24"/>
      </object_component>
      <object_component id="oc-3c">
         <name>.text.TIMG6_IRQHandler</name>
         <load_address>0x5210</load_address>
         <readonly>true</readonly>
         <executable>true</executable>
         <run_address>0x5210</run_address>
         <size>0xfc</size>
         <alignment>0x4</alignment>
         <input_file_ref idref="fl-6"/>
      </object_component>
      <object_component id="oc-176">
         <name>.text.OLED_ShowChar</name>
         <load_address>0x530c</load_address>
         <readonly>true</readonly>
         <executable>true</executable>
         <run_address>0x530c</run_address>
         <size>0xf0</size>
         <alignment>0x4</alignment>
         <input_file_ref idref="fl-3"/>
      </object_component>
      <object_component id="oc-281">
         <name>.text.__muldf3</name>
         <load_address>0x53fc</load_address>
         <readonly>true</readonly>
         <executable>true</executable>
         <run_address>0x53fc</run_address>
         <size>0xe4</size>
         <alignment>0x4</alignment>
         <input_file_ref idref="fl-bf"/>
      </object_component>
      <object_component id="oc-f6">
         <name>.text.arm_cfft_q15</name>
         <load_address>0x54e0</load_address>
         <readonly>true</readonly>
         <executable>true</executable>
         <run_address>0x54e0</run_address>
         <size>0xe4</size>
         <alignment>0x4</alignment>
         <input_file_ref idref="fl-1b"/>
      </object_component>
      <object_component id="oc-270">
         <name>.text.scalbn</name>
         <load_address>0x55c4</load_address>
         <readonly>true</readonly>
         <executable>true</executable>
         <run_address>0x55c4</run_address>
         <size>0xd8</size>
         <alignment>0x4</alignment>
         <input_file_ref idref="fl-37"/>
      </object_component>
      <object_component id="oc-7e">
         <name>.text</name>
         <load_address>0x569c</load_address>
         <readonly>true</readonly>
         <executable>true</executable>
         <run_address>0x569c</run_address>
         <size>0xd8</size>
         <alignment>0x4</alignment>
         <input_file_ref idref="fl-bd"/>
      </object_component>
      <object_component id="oc-fc">
         <name>.text.arm_cmplx_mag_q15</name>
         <load_address>0x5774</load_address>
         <readonly>true</readonly>
         <executable>true</executable>
         <run_address>0x5774</run_address>
         <size>0xc4</size>
         <alignment>0x2</alignment>
         <input_file_ref idref="fl-18"/>
      </object_component>
      <object_component id="oc-216">
         <name>.text.fputs</name>
         <load_address>0x5838</load_address>
         <readonly>true</readonly>
         <executable>true</executable>
         <run_address>0x5838</run_address>
         <size>0xc4</size>
         <alignment>0x4</alignment>
         <input_file_ref idref="fl-6"/>
      </object_component>
      <object_component id="oc-18a">
         <name>.text.arm_sqrt_q15</name>
         <load_address>0x58fc</load_address>
         <readonly>true</readonly>
         <executable>true</executable>
         <run_address>0x58fc</run_address>
         <size>0xb8</size>
         <alignment>0x4</alignment>
         <input_file_ref idref="fl-19"/>
      </object_component>
      <object_component id="oc-15b">
         <name>.text.SYSCFG_DL_GPIO_init</name>
         <load_address>0x59b4</load_address>
         <readonly>true</readonly>
         <executable>true</executable>
         <run_address>0x59b4</run_address>
         <size>0xa8</size>
         <alignment>0x4</alignment>
         <input_file_ref idref="fl-7"/>
      </object_component>
      <object_component id="oc-25f">
         <name>.text</name>
         <load_address>0x5a5c</load_address>
         <readonly>true</readonly>
         <executable>true</executable>
         <run_address>0x5a5c</run_address>
         <size>0xa2</size>
         <alignment>0x4</alignment>
         <input_file_ref idref="fl-d7"/>
      </object_component>
      <object_component id="oc-dc">
         <name>.text:memcpy</name>
         <load_address>0x5afe</load_address>
         <readonly>true</readonly>
         <executable>true</executable>
         <run_address>0x5afe</run_address>
         <size>0x9a</size>
         <alignment>0x1</alignment>
         <input_file_ref idref="fl-db"/>
      </object_component>
      <object_component id="oc-15e">
         <name>.text.SYSCFG_DL_PWM_BUZZ_init</name>
         <load_address>0x5b98</load_address>
         <readonly>true</readonly>
         <executable>true</executable>
         <run_address>0x5b98</run_address>
         <size>0x94</size>
         <alignment>0x4</alignment>
         <input_file_ref idref="fl-7"/>
      </object_component>
      <object_component id="oc-76">
         <name>.text.__mulsf3</name>
         <load_address>0x5c2c</load_address>
         <readonly>true</readonly>
         <executable>true</executable>
         <run_address>0x5c2c</run_address>
         <size>0x8c</size>
         <alignment>0x4</alignment>
         <input_file_ref idref="fl-c1"/>
      </object_component>
      <object_component id="oc-1e8">
         <name>.text.DL_DAC12_init</name>
         <load_address>0x5cb8</load_address>
         <readonly>true</readonly>
         <executable>true</executable>
         <run_address>0x5cb8</run_address>
         <size>0x88</size>
         <alignment>0x4</alignment>
         <input_file_ref idref="fl-22"/>
      </object_component>
      <object_component id="oc-15a">
         <name>.text.SYSCFG_DL_initPower</name>
         <load_address>0x5d40</load_address>
         <readonly>true</readonly>
         <executable>true</executable>
         <run_address>0x5d40</run_address>
         <size>0x88</size>
         <alignment>0x4</alignment>
         <input_file_ref idref="fl-7"/>
      </object_component>
      <object_component id="oc-6a">
         <name>.text.__divsf3</name>
         <load_address>0x5dc8</load_address>
         <readonly>true</readonly>
         <executable>true</executable>
         <run_address>0x5dc8</run_address>
         <size>0x82</size>
         <alignment>0x4</alignment>
         <input_file_ref idref="fl-c2"/>
      </object_component>
      <object_component id="oc-293">
         <name>.text.__aeabi_ldiv0</name>
         <load_address>0x5e4a</load_address>
         <readonly>true</readonly>
         <executable>true</executable>
         <run_address>0x5e4a</run_address>
         <size>0x2</size>
         <alignment>0x2</alignment>
         <input_file_ref idref="fl-da"/>
      </object_component>
      <object_component id="oc-164">
         <name>.text.SYSCFG_DL_ADC12_0_init</name>
         <load_address>0x5e4c</load_address>
         <readonly>true</readonly>
         <executable>true</executable>
         <run_address>0x5e4c</run_address>
         <size>0x78</size>
         <alignment>0x4</alignment>
         <input_file_ref idref="fl-7"/>
      </object_component>
      <object_component id="oc-1c">
         <name>.text:decompress:lzss</name>
         <load_address>0x5ec4</load_address>
         <readonly>true</readonly>
         <executable>true</executable>
         <run_address>0x5ec4</run_address>
         <size>0x78</size>
         <alignment>0x4</alignment>
         <input_file_ref idref="fl-47"/>
      </object_component>
      <object_component id="oc-e6">
         <name>.text.I2CB1_Init</name>
         <load_address>0x5f3c</load_address>
         <readonly>true</readonly>
         <executable>true</executable>
         <run_address>0x5f3c</run_address>
         <size>0x74</size>
         <alignment>0x4</alignment>
         <input_file_ref idref="fl-1"/>
      </object_component>
      <object_component id="oc-162">
         <name>.text.SYSCFG_DL_UART_0_init</name>
         <load_address>0x5fb0</load_address>
         <readonly>true</readonly>
         <executable>true</executable>
         <run_address>0x5fb0</run_address>
         <size>0x70</size>
         <alignment>0x4</alignment>
         <input_file_ref idref="fl-7"/>
      </object_component>
      <object_component id="oc-26a">
         <name>.text.__gedf2</name>
         <load_address>0x6020</load_address>
         <readonly>true</readonly>
         <executable>true</executable>
         <run_address>0x6020</run_address>
         <size>0x70</size>
         <alignment>0x4</alignment>
         <input_file_ref idref="fl-d9"/>
      </object_component>
      <object_component id="oc-264">
         <name>.text.__ledf2</name>
         <load_address>0x6090</load_address>
         <readonly>true</readonly>
         <executable>true</executable>
         <run_address>0x6090</run_address>
         <size>0x6c</size>
         <alignment>0x4</alignment>
         <input_file_ref idref="fl-d9"/>
      </object_component>
      <object_component id="oc-288">
         <name>.text._mcpy</name>
         <load_address>0x60fc</load_address>
         <readonly>true</readonly>
         <executable>true</executable>
         <run_address>0x60fc</run_address>
         <size>0x66</size>
         <alignment>0x2</alignment>
         <input_file_ref idref="fl-35"/>
      </object_component>
      <object_component id="oc-20d">
         <name>.text._nop</name>
         <load_address>0x6162</load_address>
         <readonly>true</readonly>
         <executable>true</executable>
         <run_address>0x6162</run_address>
         <size>0x2</size>
         <alignment>0x2</alignment>
         <input_file_ref idref="fl-39"/>
      </object_component>
      <object_component id="oc-248">
         <name>.text.__aeabi_dcmp</name>
         <load_address>0x6164</load_address>
         <readonly>true</readonly>
         <executable>true</executable>
         <run_address>0x6164</run_address>
         <size>0x62</size>
         <alignment>0x4</alignment>
         <input_file_ref idref="fl-cf"/>
      </object_component>
      <object_component id="oc-82">
         <name>.text.__aeabi_fcmp</name>
         <load_address>0x61c8</load_address>
         <readonly>true</readonly>
         <executable>true</executable>
         <run_address>0x61c8</run_address>
         <size>0x62</size>
         <alignment>0x4</alignment>
         <input_file_ref idref="fl-d0"/>
      </object_component>
      <object_component id="oc-159">
         <name>.text:memset</name>
         <load_address>0x622a</load_address>
         <readonly>true</readonly>
         <executable>true</executable>
         <run_address>0x622a</run_address>
         <size>0x62</size>
         <alignment>0x1</alignment>
         <input_file_ref idref="fl-dc"/>
      </object_component>
      <object_component id="oc-26c">
         <name>.text.frexp</name>
         <load_address>0x628c</load_address>
         <readonly>true</readonly>
         <executable>true</executable>
         <run_address>0x628c</run_address>
         <size>0x5c</size>
         <alignment>0x4</alignment>
         <input_file_ref idref="fl-36"/>
      </object_component>
      <object_component id="oc-10b">
         <name>.text.printf</name>
         <load_address>0x62e8</load_address>
         <readonly>true</readonly>
         <executable>true</executable>
         <run_address>0x62e8</run_address>
         <size>0x5c</size>
         <alignment>0x4</alignment>
         <input_file_ref idref="fl-34"/>
      </object_component>
      <object_component id="oc-3d">
         <name>.text.TIMG7_IRQHandler</name>
         <load_address>0x6344</load_address>
         <readonly>true</readonly>
         <executable>true</executable>
         <run_address>0x6344</run_address>
         <size>0x58</size>
         <alignment>0x4</alignment>
         <input_file_ref idref="fl-6"/>
      </object_component>
      <object_component id="oc-278">
         <name>.text.__TI_ltoa</name>
         <load_address>0x639c</load_address>
         <readonly>true</readonly>
         <executable>true</executable>
         <run_address>0x639c</run_address>
         <size>0x58</size>
         <alignment>0x2</alignment>
         <input_file_ref idref="fl-3a"/>
      </object_component>
      <object_component id="oc-1f4">
         <name>.text.__clzsi2</name>
         <load_address>0x63f4</load_address>
         <readonly>true</readonly>
         <executable>true</executable>
         <run_address>0x63f4</run_address>
         <size>0x58</size>
         <alignment>0x2</alignment>
         <input_file_ref idref="fl-ce"/>
      </object_component>
      <object_component id="oc-24e">
         <name>.text._pconv_f</name>
         <load_address>0x644c</load_address>
         <readonly>true</readonly>
         <executable>true</executable>
         <run_address>0x644c</run_address>
         <size>0x58</size>
         <alignment>0x2</alignment>
         <input_file_ref idref="fl-35"/>
      </object_component>
      <object_component id="oc-2a2">
         <name>.text.__aeabi_idivmod</name>
         <load_address>0x64a4</load_address>
         <readonly>true</readonly>
         <executable>true</executable>
         <run_address>0x64a4</run_address>
         <size>0x56</size>
         <alignment>0x4</alignment>
         <input_file_ref idref="fl-d1"/>
      </object_component>
      <object_component id="oc-15c">
         <name>.text.SYSCFG_DL_SYSCTL_init</name>
         <load_address>0x64fc</load_address>
         <readonly>true</readonly>
         <executable>true</executable>
         <run_address>0x64fc</run_address>
         <size>0x54</size>
         <alignment>0x4</alignment>
         <input_file_ref idref="fl-7"/>
      </object_component>
      <object_component id="oc-286">
         <name>.text._ecpy</name>
         <load_address>0x6550</load_address>
         <readonly>true</readonly>
         <executable>true</executable>
         <run_address>0x6550</run_address>
         <size>0x52</size>
         <alignment>0x2</alignment>
         <input_file_ref idref="fl-35"/>
      </object_component>
      <object_component id="oc-e1">
         <name>.text.SYSCFG_DL_init</name>
         <load_address>0x65a4</load_address>
         <readonly>true</readonly>
         <executable>true</executable>
         <run_address>0x65a4</run_address>
         <size>0x50</size>
         <alignment>0x4</alignment>
         <input_file_ref idref="fl-7"/>
      </object_component>
      <object_component id="oc-163">
         <name>.text.SYSCFG_DL_SPI1_init</name>
         <load_address>0x65f4</load_address>
         <readonly>true</readonly>
         <executable>true</executable>
         <run_address>0x65f4</run_address>
         <size>0x4c</size>
         <alignment>0x4</alignment>
         <input_file_ref idref="fl-7"/>
      </object_component>
      <object_component id="oc-274">
         <name>.text.__fixdfsi</name>
         <load_address>0x6640</load_address>
         <readonly>true</readonly>
         <executable>true</executable>
         <run_address>0x6640</run_address>
         <size>0x4a</size>
         <alignment>0x4</alignment>
         <input_file_ref idref="fl-c5"/>
      </object_component>
      <object_component id="oc-3a">
         <name>.text.ADC0_IRQHandler</name>
         <load_address>0x668c</load_address>
         <readonly>true</readonly>
         <executable>true</executable>
         <run_address>0x668c</run_address>
         <size>0x48</size>
         <alignment>0x4</alignment>
         <input_file_ref idref="fl-6"/>
      </object_component>
      <object_component id="oc-1d5">
         <name>.text.DL_UART_init</name>
         <load_address>0x66d4</load_address>
         <readonly>true</readonly>
         <executable>true</executable>
         <run_address>0x66d4</run_address>
         <size>0x48</size>
         <alignment>0x4</alignment>
         <input_file_ref idref="fl-25"/>
      </object_component>
      <object_component id="oc-100">
         <name>.text.arm_max_q15</name>
         <load_address>0x671c</load_address>
         <readonly>true</readonly>
         <executable>true</executable>
         <run_address>0x671c</run_address>
         <size>0x46</size>
         <alignment>0x2</alignment>
         <input_file_ref idref="fl-1a"/>
      </object_component>
      <object_component id="oc-1de">
         <name>.text.DL_SPI_init</name>
         <load_address>0x6764</load_address>
         <readonly>true</readonly>
         <executable>true</executable>
         <run_address>0x6764</run_address>
         <size>0x44</size>
         <alignment>0x4</alignment>
         <input_file_ref idref="fl-23"/>
      </object_component>
      <object_component id="oc-160">
         <name>.text.SYSCFG_DL_TIMER_1_init</name>
         <load_address>0x67a8</load_address>
         <readonly>true</readonly>
         <executable>true</executable>
         <run_address>0x67a8</run_address>
         <size>0x44</size>
         <alignment>0x4</alignment>
         <input_file_ref idref="fl-7"/>
      </object_component>
      <object_component id="oc-161">
         <name>.text.SYSCFG_DL_TIMER_2_init</name>
         <load_address>0x67ec</load_address>
         <readonly>true</readonly>
         <executable>true</executable>
         <run_address>0x67ec</run_address>
         <size>0x44</size>
         <alignment>0x4</alignment>
         <input_file_ref idref="fl-7"/>
      </object_component>
      <object_component id="oc-181">
         <name>.text.arm_bitreversal_16</name>
         <load_address>0x6830</load_address>
         <readonly>true</readonly>
         <executable>true</executable>
         <run_address>0x6830</run_address>
         <size>0x42</size>
         <alignment>0x2</alignment>
         <input_file_ref idref="fl-1f"/>
      </object_component>
      <object_component id="oc-1e1">
         <name>.text.DL_ADC12_setClockConfig</name>
         <load_address>0x6874</load_address>
         <readonly>true</readonly>
         <executable>true</executable>
         <run_address>0x6874</run_address>
         <size>0x40</size>
         <alignment>0x4</alignment>
         <input_file_ref idref="fl-20"/>
      </object_component>
      <object_component id="oc-15f">
         <name>.text.SYSCFG_DL_TIMER_0_init</name>
         <load_address>0x68b4</load_address>
         <readonly>true</readonly>
         <executable>true</executable>
         <run_address>0x68b4</run_address>
         <size>0x40</size>
         <alignment>0x4</alignment>
         <input_file_ref idref="fl-7"/>
      </object_component>
      <object_component id="oc-7a">
         <name>.text.__aeabi_uidivmod</name>
         <load_address>0x68f4</load_address>
         <readonly>true</readonly>
         <executable>true</executable>
         <run_address>0x68f4</run_address>
         <size>0x40</size>
         <alignment>0x4</alignment>
         <input_file_ref idref="fl-d4"/>
      </object_component>
      <object_component id="oc-11f">
         <name>.text.__extendsfdf2</name>
         <load_address>0x6934</load_address>
         <readonly>true</readonly>
         <executable>true</executable>
         <run_address>0x6934</run_address>
         <size>0x40</size>
         <alignment>0x4</alignment>
         <input_file_ref idref="fl-c4"/>
      </object_component>
      <object_component id="oc-232">
         <name>.text.atoi</name>
         <load_address>0x6974</load_address>
         <readonly>true</readonly>
         <executable>true</executable>
         <run_address>0x6974</run_address>
         <size>0x40</size>
         <alignment>0x4</alignment>
         <input_file_ref idref="fl-3c"/>
      </object_component>
      <object_component id="oc-f4">
         <name>.text.OLED_ShowString</name>
         <load_address>0x69b4</load_address>
         <readonly>true</readonly>
         <executable>true</executable>
         <run_address>0x69b4</run_address>
         <size>0x3e</size>
         <alignment>0x2</alignment>
         <input_file_ref idref="fl-3"/>
      </object_component>
      <object_component id="oc-165">
         <name>.text.SYSCFG_DL_DAC12_init</name>
         <load_address>0x69f4</load_address>
         <readonly>true</readonly>
         <executable>true</executable>
         <run_address>0x69f4</run_address>
         <size>0x3c</size>
         <alignment>0x4</alignment>
         <input_file_ref idref="fl-7"/>
      </object_component>
      <object_component id="oc-1f8">
         <name>.text.__floatsisf</name>
         <load_address>0x6a30</load_address>
         <readonly>true</readonly>
         <executable>true</executable>
         <run_address>0x6a30</run_address>
         <size>0x3c</size>
         <alignment>0x4</alignment>
         <input_file_ref idref="fl-ca"/>
      </object_component>
      <object_component id="oc-d5">
         <name>.text.__gtsf2</name>
         <load_address>0x6a6c</load_address>
         <readonly>true</readonly>
         <executable>true</executable>
         <run_address>0x6a6c</run_address>
         <size>0x3c</size>
         <alignment>0x4</alignment>
         <input_file_ref idref="fl-d6"/>
      </object_component>
      <object_component id="oc-13b">
         <name>.text:__TI_auto_init_nobinit_nopinit</name>
         <load_address>0x6aa8</load_address>
         <readonly>true</readonly>
         <executable>true</executable>
         <run_address>0x6aa8</run_address>
         <size>0x3c</size>
         <alignment>0x4</alignment>
         <input_file_ref idref="fl-42"/>
      </object_component>
      <object_component id="oc-d0">
         <name>.text.__eqsf2</name>
         <load_address>0x6ae4</load_address>
         <readonly>true</readonly>
         <executable>true</executable>
         <run_address>0x6ae4</run_address>
         <size>0x3a</size>
         <alignment>0x4</alignment>
         <input_file_ref idref="fl-d6"/>
      </object_component>
      <object_component id="oc-c4">
         <name>.text.__muldsi3</name>
         <load_address>0x6b20</load_address>
         <readonly>true</readonly>
         <executable>true</executable>
         <run_address>0x6b20</run_address>
         <size>0x3a</size>
         <alignment>0x4</alignment>
         <input_file_ref idref="fl-c0"/>
      </object_component>
      <object_component id="oc-be">
         <name>.text.__fixsfsi</name>
         <load_address>0x6b5c</load_address>
         <readonly>true</readonly>
         <executable>true</executable>
         <run_address>0x6b5c</run_address>
         <size>0x38</size>
         <alignment>0x4</alignment>
         <input_file_ref idref="fl-c6"/>
      </object_component>
      <object_component id="oc-6e">
         <name>.text.__fixunssfsi</name>
         <load_address>0x6b94</load_address>
         <readonly>true</readonly>
         <executable>true</executable>
         <run_address>0x6b94</run_address>
         <size>0x32</size>
         <alignment>0x4</alignment>
         <input_file_ref idref="fl-c8"/>
      </object_component>
      <object_component id="oc-105">
         <name>.text.DL_UART_transmitDataBlocking</name>
         <load_address>0x6bc8</load_address>
         <readonly>true</readonly>
         <executable>true</executable>
         <run_address>0x6bc8</run_address>
         <size>0x30</size>
         <alignment>0x4</alignment>
         <input_file_ref idref="fl-25"/>
      </object_component>
      <object_component id="oc-287">
         <name>.text._fcpy</name>
         <load_address>0x6bf8</load_address>
         <readonly>true</readonly>
         <executable>true</executable>
         <run_address>0x6bf8</run_address>
         <size>0x30</size>
         <alignment>0x2</alignment>
         <input_file_ref idref="fl-35"/>
      </object_component>
      <object_component id="oc-27c">
         <name>.text.__floatsidf</name>
         <load_address>0x6c28</load_address>
         <readonly>true</readonly>
         <executable>true</executable>
         <run_address>0x6c28</run_address>
         <size>0x2c</size>
         <alignment>0x4</alignment>
         <input_file_ref idref="fl-c9"/>
      </object_component>
      <object_component id="oc-177">
         <name>.text.OLED_Set_Pos</name>
         <load_address>0x6c54</load_address>
         <readonly>true</readonly>
         <executable>true</executable>
         <run_address>0x6c54</run_address>
         <size>0x2a</size>
         <alignment>0x2</alignment>
         <input_file_ref idref="fl-3"/>
      </object_component>
      <object_component id="oc-72">
         <name>.text.__floatunsisf</name>
         <load_address>0x6c80</load_address>
         <readonly>true</readonly>
         <executable>true</executable>
         <run_address>0x6c80</run_address>
         <size>0x28</size>
         <alignment>0x4</alignment>
         <input_file_ref idref="fl-cc"/>
      </object_component>
      <object_component id="oc-59">
         <name>.text:_c_int00_noargs</name>
         <load_address>0x6ca8</load_address>
         <readonly>true</readonly>
         <executable>true</executable>
         <run_address>0x6ca8</run_address>
         <size>0x28</size>
         <alignment>0x4</alignment>
         <input_file_ref idref="fl-40"/>
      </object_component>
      <object_component id="oc-23f">
         <name>.text.__muldi3</name>
         <load_address>0x6cd0</load_address>
         <readonly>true</readonly>
         <executable>true</executable>
         <run_address>0x6cd0</run_address>
         <size>0x24</size>
         <alignment>0x4</alignment>
         <input_file_ref idref="fl-cd"/>
      </object_component>
      <object_component id="oc-22b">
         <name>.text.memccpy</name>
         <load_address>0x6cf4</load_address>
         <readonly>true</readonly>
         <executable>true</executable>
         <run_address>0x6cf4</run_address>
         <size>0x22</size>
         <alignment>0x2</alignment>
         <input_file_ref idref="fl-3e"/>
      </object_component>
      <object_component id="oc-1ff">
         <name>.text.DL_SPI_receiveDataBlocking8</name>
         <load_address>0x6d18</load_address>
         <readonly>true</readonly>
         <executable>true</executable>
         <run_address>0x6d18</run_address>
         <size>0x20</size>
         <alignment>0x4</alignment>
         <input_file_ref idref="fl-23"/>
      </object_component>
      <object_component id="oc-170">
         <name>.text.DL_DAC12_performSelfCalibrationBlocking</name>
         <load_address>0x6d38</load_address>
         <readonly>true</readonly>
         <executable>true</executable>
         <run_address>0x6d38</run_address>
         <size>0x1e</size>
         <alignment>0x2</alignment>
         <input_file_ref idref="fl-22"/>
      </object_component>
      <object_component id="oc-294">
         <name>.text.__ashldi3</name>
         <load_address>0x6d58</load_address>
         <readonly>true</readonly>
         <executable>true</executable>
         <run_address>0x6d58</run_address>
         <size>0x1e</size>
         <alignment>0x4</alignment>
         <input_file_ref idref="fl-d8"/>
      </object_component>
      <object_component id="oc-1ca">
         <name>.text.DL_Timer_setCaptCompUpdateMethod</name>
         <load_address>0x6d78</load_address>
         <readonly>true</readonly>
         <executable>true</executable>
         <run_address>0x6d78</run_address>
         <size>0x1c</size>
         <alignment>0x4</alignment>
         <input_file_ref idref="fl-24"/>
      </object_component>
      <object_component id="oc-1c7">
         <name>.text.DL_Timer_setClockConfig</name>
         <load_address>0x6d94</load_address>
         <readonly>true</readonly>
         <executable>true</executable>
         <run_address>0x6d94</run_address>
         <size>0x1c</size>
         <alignment>0x4</alignment>
         <input_file_ref idref="fl-24"/>
      </object_component>
      <object_component id="oc-1c9">
         <name>.text.DL_Timer_setCaptureCompareOutCtl</name>
         <load_address>0x6db0</load_address>
         <readonly>true</readonly>
         <executable>true</executable>
         <run_address>0x6db0</run_address>
         <size>0x18</size>
         <alignment>0x4</alignment>
         <input_file_ref idref="fl-24"/>
      </object_component>
      <object_component id="oc-244">
         <name>.text.__aeabi_uldivmod</name>
         <load_address>0x6dc8</load_address>
         <readonly>true</readonly>
         <executable>true</executable>
         <run_address>0x6dc8</run_address>
         <size>0x14</size>
         <alignment>0x4</alignment>
         <input_file_ref idref="fl-d5"/>
      </object_component>
      <object_component id="oc-217">
         <name>.text.fputc</name>
         <load_address>0x6ddc</load_address>
         <readonly>true</readonly>
         <executable>true</executable>
         <run_address>0x6ddc</run_address>
         <size>0x14</size>
         <alignment>0x4</alignment>
         <input_file_ref idref="fl-6"/>
      </object_component>
      <object_component id="oc-285">
         <name>.text.strchr</name>
         <load_address>0x6df0</load_address>
         <readonly>true</readonly>
         <executable>true</executable>
         <run_address>0x6df0</run_address>
         <size>0x14</size>
         <alignment>0x2</alignment>
         <input_file_ref idref="fl-35"/>
      </object_component>
      <object_component id="oc-1d8">
         <name>.text.DL_SPI_setClockConfig</name>
         <load_address>0x6e04</load_address>
         <readonly>true</readonly>
         <executable>true</executable>
         <run_address>0x6e04</run_address>
         <size>0x12</size>
         <alignment>0x2</alignment>
         <input_file_ref idref="fl-23"/>
      </object_component>
      <object_component id="oc-1d4">
         <name>.text.DL_UART_setClockConfig</name>
         <load_address>0x6e16</load_address>
         <readonly>true</readonly>
         <executable>true</executable>
         <run_address>0x6e16</run_address>
         <size>0x12</size>
         <alignment>0x2</alignment>
         <input_file_ref idref="fl-25"/>
      </object_component>
      <object_component id="oc-16d">
         <name>.text.OLED_WR_Byte</name>
         <load_address>0x6e28</load_address>
         <readonly>true</readonly>
         <executable>true</executable>
         <run_address>0x6e28</run_address>
         <size>0x12</size>
         <alignment>0x2</alignment>
         <input_file_ref idref="fl-1"/>
      </object_component>
      <object_component id="oc-20">
         <name>.text:decompress:none</name>
         <load_address>0x6e3a</load_address>
         <readonly>true</readonly>
         <executable>true</executable>
         <run_address>0x6e3a</run_address>
         <size>0x12</size>
         <alignment>0x2</alignment>
         <input_file_ref idref="fl-46"/>
      </object_component>
      <object_component id="oc-60">
         <name>.text.DL_Timer_setCaptureCompareValue</name>
         <load_address>0x6e4c</load_address>
         <readonly>true</readonly>
         <executable>true</executable>
         <run_address>0x6e4c</run_address>
         <size>0x10</size>
         <alignment>0x4</alignment>
         <input_file_ref idref="fl-24"/>
      </object_component>
      <object_component id="oc-236">
         <name>.text.wcslen</name>
         <load_address>0x6e5c</load_address>
         <readonly>true</readonly>
         <executable>true</executable>
         <run_address>0x6e5c</run_address>
         <size>0x10</size>
         <alignment>0x2</alignment>
         <input_file_ref idref="fl-48"/>
      </object_component>
      <object_component id="oc-56">
         <name>.text:decompress:ZI</name>
         <load_address>0x6e6c</load_address>
         <readonly>true</readonly>
         <executable>true</executable>
         <run_address>0x6e6c</run_address>
         <size>0x10</size>
         <alignment>0x2</alignment>
         <input_file_ref idref="fl-45"/>
      </object_component>
      <object_component id="oc-22a">
         <name>.text.__aeabi_memset</name>
         <load_address>0x6e7c</load_address>
         <readonly>true</readonly>
         <executable>true</executable>
         <run_address>0x6e7c</run_address>
         <size>0xe</size>
         <alignment>0x4</alignment>
         <input_file_ref idref="fl-d3"/>
      </object_component>
      <object_component id="oc-229">
         <name>.text.strlen</name>
         <load_address>0x6e8a</load_address>
         <readonly>true</readonly>
         <executable>true</executable>
         <run_address>0x6e8a</run_address>
         <size>0xe</size>
         <alignment>0x2</alignment>
         <input_file_ref idref="fl-35"/>
      </object_component>
      <object_component id="oc-3b">
         <name>.text.UART0_IRQHandler</name>
         <load_address>0x6e98</load_address>
         <readonly>true</readonly>
         <executable>true</executable>
         <run_address>0x6e98</run_address>
         <size>0xc</size>
         <alignment>0x4</alignment>
         <input_file_ref idref="fl-6"/>
      </object_component>
      <object_component id="oc-a4">
         <name>.text.__aeabi_memclr</name>
         <load_address>0x6ea4</load_address>
         <readonly>true</readonly>
         <executable>true</executable>
         <run_address>0x6ea4</run_address>
         <size>0xc</size>
         <alignment>0x4</alignment>
         <input_file_ref idref="fl-d3"/>
      </object_component>
      <object_component id="oc-66">
         <name>.text.DL_Common_delayCycles</name>
         <load_address>0x6eb0</load_address>
         <readonly>true</readonly>
         <executable>true</executable>
         <run_address>0x6eb0</run_address>
         <size>0xa</size>
         <alignment>0x2</alignment>
         <input_file_ref idref="fl-21"/>
      </object_component>
      <object_component id="oc-280">
         <name>.text.OUTLINED_FUNCTION_0</name>
         <load_address>0x6eba</load_address>
         <readonly>true</readonly>
         <executable>true</executable>
         <run_address>0x6eba</run_address>
         <size>0xa</size>
         <alignment>0x2</alignment>
         <input_file_ref idref="fl-35"/>
      </object_component>
      <object_component id="oc-2f6">
         <name>.tramp.__aeabi_dsub.1</name>
         <load_address>0x6ec4</load_address>
         <readonly>true</readonly>
         <executable>true</executable>
         <run_address>0x6ec4</run_address>
         <size>0x10</size>
         <alignment>0x4</alignment>
         <input_file_ref idref="fl-be"/>
      </object_component>
      <object_component id="oc-289">
         <name>.text.OUTLINED_FUNCTION_1</name>
         <load_address>0x6ed4</load_address>
         <readonly>true</readonly>
         <executable>true</executable>
         <run_address>0x6ed4</run_address>
         <size>0xa</size>
         <alignment>0x2</alignment>
         <input_file_ref idref="fl-35"/>
      </object_component>
      <object_component id="oc-23a">
         <name>.text.__aeabi_errno_addr</name>
         <load_address>0x6ee0</load_address>
         <readonly>true</readonly>
         <executable>true</executable>
         <run_address>0x6ee0</run_address>
         <size>0x8</size>
         <alignment>0x4</alignment>
         <input_file_ref idref="fl-38"/>
      </object_component>
      <object_component id="oc-49">
         <name>.text.__aeabi_memcpy</name>
         <load_address>0x6ee8</load_address>
         <readonly>true</readonly>
         <executable>true</executable>
         <run_address>0x6ee8</run_address>
         <size>0x8</size>
         <alignment>0x4</alignment>
         <input_file_ref idref="fl-d2"/>
      </object_component>
      <object_component id="oc-1a9">
         <name>.text._outc</name>
         <load_address>0x6ef0</load_address>
         <readonly>true</readonly>
         <executable>true</executable>
         <run_address>0x6ef0</run_address>
         <size>0x8</size>
         <alignment>0x2</alignment>
         <input_file_ref idref="fl-34"/>
      </object_component>
      <object_component id="oc-1a8">
         <name>.text._outs</name>
         <load_address>0x6ef8</load_address>
         <readonly>true</readonly>
         <executable>true</executable>
         <run_address>0x6ef8</run_address>
         <size>0x8</size>
         <alignment>0x2</alignment>
         <input_file_ref idref="fl-34"/>
      </object_component>
      <object_component id="oc-2f">
         <name>.text.Reset_Handler</name>
         <load_address>0x6f00</load_address>
         <readonly>true</readonly>
         <executable>true</executable>
         <run_address>0x6f00</run_address>
         <size>0x4</size>
         <alignment>0x2</alignment>
         <input_file_ref idref="fl-8"/>
      </object_component>
      <object_component id="oc-a9">
         <name>.text._system_pre_init</name>
         <load_address>0x6f04</load_address>
         <readonly>true</readonly>
         <executable>true</executable>
         <run_address>0x6f04</run_address>
         <size>0x4</size>
         <alignment>0x2</alignment>
         <input_file_ref idref="fl-43"/>
      </object_component>
      <object_component id="oc-134">
         <name>.text:abort</name>
         <load_address>0x6f08</load_address>
         <readonly>true</readonly>
         <executable>true</executable>
         <run_address>0x6f08</run_address>
         <size>0x4</size>
         <alignment>0x2</alignment>
         <input_file_ref idref="fl-4c"/>
      </object_component>
      <object_component id="oc-2f2">
         <name>.cinit..data.load</name>
         <load_address>0x7d60</load_address>
         <readonly>true</readonly>
         <run_address>0x7d60</run_address>
         <size>0x47</size>
         <alignment>0x1</alignment>
      </object_component>
      <object_component id="oc-2f0">
         <name>__TI_handler_table</name>
         <load_address>0x7da8</load_address>
         <readonly>true</readonly>
         <run_address>0x7da8</run_address>
         <size>0xc</size>
         <alignment>0x4</alignment>
      </object_component>
      <object_component id="oc-2f3">
         <name>.cinit..bss.load</name>
         <load_address>0x7db4</load_address>
         <readonly>true</readonly>
         <run_address>0x7db4</run_address>
         <size>0x8</size>
         <alignment>0x4</alignment>
      </object_component>
      <object_component id="oc-2f1">
         <name>__TI_cinit_table</name>
         <load_address>0x7dbc</load_address>
         <readonly>true</readonly>
         <run_address>0x7dbc</run_address>
         <size>0x10</size>
         <alignment>0x4</alignment>
      </object_component>
      <object_component id="oc-1ee">
         <name>.rodata.Front_16x8Tab</name>
         <load_address>0x6f10</load_address>
         <readonly>true</readonly>
         <run_address>0x6f10</run_address>
         <size>0x5f0</size>
         <alignment>0x1</alignment>
         <input_file_ref idref="fl-5"/>
      </object_component>
      <object_component id="oc-1ad">
         <name>.rodata.twiddleCoef_256_q15</name>
         <load_address>0x7500</load_address>
         <readonly>true</readonly>
         <run_address>0x7500</run_address>
         <size>0x300</size>
         <alignment>0x2</alignment>
         <input_file_ref idref="fl-1d"/>
      </object_component>
      <object_component id="oc-1af">
         <name>.rodata.armBitRevIndexTable_fixed_256</name>
         <load_address>0x7800</load_address>
         <readonly>true</readonly>
         <run_address>0x7800</run_address>
         <size>0x1e0</size>
         <alignment>0x2</alignment>
         <input_file_ref idref="fl-1d"/>
      </object_component>
      <object_component id="oc-253">
         <name>.rodata:__aeabi_ctype_table_</name>
         <load_address>0x79e0</load_address>
         <readonly>true</readonly>
         <run_address>0x79e0</run_address>
         <size>0x101</size>
         <alignment>0x10</alignment>
         <input_file_ref idref="fl-4b"/>
      </object_component>
      <object_component id="oc-19e">
         <name>.rodata.str1.52501554851255701521</name>
         <load_address>0x7ae1</load_address>
         <readonly>true</readonly>
         <run_address>0x7ae1</run_address>
         <size>0x35</size>
         <alignment>0x1</alignment>
         <input_file_ref idref="fl-6"/>
      </object_component>
      <object_component id="oc-126">
         <name>.rodata.str1.103839438932389472821</name>
         <load_address>0x7b16</load_address>
         <readonly>true</readonly>
         <run_address>0x7b16</run_address>
         <size>0x2a</size>
         <alignment>0x1</alignment>
         <input_file_ref idref="fl-6"/>
      </object_component>
      <object_component id="oc-12a">
         <name>.rodata.str1.80005621179524564701</name>
         <load_address>0x7b40</load_address>
         <readonly>true</readonly>
         <run_address>0x7b40</run_address>
         <size>0x29</size>
         <alignment>0x1</alignment>
         <input_file_ref idref="fl-6"/>
      </object_component>
      <object_component id="oc-124">
         <name>.rodata.str1.104694899784271784861</name>
         <load_address>0x7b69</load_address>
         <readonly>true</readonly>
         <run_address>0x7b69</run_address>
         <size>0x27</size>
         <alignment>0x1</alignment>
         <input_file_ref idref="fl-6"/>
      </object_component>
      <object_component id="oc-129">
         <name>.rodata.str1.130349973161174575041</name>
         <load_address>0x7b90</load_address>
         <readonly>true</readonly>
         <run_address>0x7b90</run_address>
         <size>0x26</size>
         <alignment>0x1</alignment>
         <input_file_ref idref="fl-6"/>
      </object_component>
      <object_component id="oc-19f">
         <name>.rodata.str1.6139573612832184241</name>
         <load_address>0x7bb6</load_address>
         <readonly>true</readonly>
         <run_address>0x7bb6</run_address>
         <size>0x26</size>
         <alignment>0x1</alignment>
         <input_file_ref idref="fl-6"/>
      </object_component>
      <object_component id="oc-1a0">
         <name>.rodata.str1.171135724027876188451</name>
         <load_address>0x7bdc</load_address>
         <readonly>true</readonly>
         <run_address>0x7bdc</run_address>
         <size>0x21</size>
         <alignment>0x1</alignment>
         <input_file_ref idref="fl-6"/>
      </object_component>
      <object_component id="oc-1cb">
         <name>.rodata.gPWM_BUZZClockConfig</name>
         <load_address>0x7bfd</load_address>
         <readonly>true</readonly>
         <run_address>0x7bfd</run_address>
         <size>0x3</size>
         <alignment>0x1</alignment>
         <input_file_ref idref="fl-7"/>
      </object_component>
      <object_component id="oc-1e9">
         <name>.rodata.gDAC12Config</name>
         <load_address>0x7c00</load_address>
         <readonly>true</readonly>
         <run_address>0x7c00</run_address>
         <size>0x20</size>
         <alignment>0x4</alignment>
         <input_file_ref idref="fl-7"/>
      </object_component>
      <object_component id="oc-125">
         <name>.rodata.str1.19581600218089604221</name>
         <load_address>0x7c20</load_address>
         <readonly>true</readonly>
         <run_address>0x7c20</run_address>
         <size>0x1f</size>
         <alignment>0x1</alignment>
         <input_file_ref idref="fl-6"/>
      </object_component>
      <object_component id="oc-128">
         <name>.rodata.str1.79551435545072341851</name>
         <load_address>0x7c3f</load_address>
         <readonly>true</readonly>
         <run_address>0x7c3f</run_address>
         <size>0x1b</size>
         <alignment>0x1</alignment>
         <input_file_ref idref="fl-6"/>
      </object_component>
      <object_component id="oc-1df">
         <name>.rodata.gSPI1_clockConfig</name>
         <load_address>0x7c5a</load_address>
         <readonly>true</readonly>
         <run_address>0x7c5a</run_address>
         <size>0x2</size>
         <alignment>0x1</alignment>
         <input_file_ref idref="fl-7"/>
      </object_component>
      <object_component id="oc-1cf">
         <name>.rodata.gTIMER_0TimerConfig</name>
         <load_address>0x7c5c</load_address>
         <readonly>true</readonly>
         <run_address>0x7c5c</run_address>
[...]
         <object_component_ref idref="oc-181"/>
      </symbol>
      <symbol id="sm-1f1">
         <name>DL_ADC12_setClockConfig</name>
         <value>0x6875</value>
         <object_component_ref idref="oc-1e1"/>
      </symbol>
      <symbol id="sm-1fa">
         <name>DL_Common_delayCycles</name>
         <value>0x6eb1</value>
         <object_component_ref idref="oc-66"/>
      </symbol>
      <symbol id="sm-207">
         <name>DL_DAC12_init</name>
         <value>0x5cb9</value>
         <object_component_ref idref="oc-1e8"/>
      </symbol>
      <symbol id="sm-208">
         <name>DL_DAC12_performSelfCalibrationBlocking</name>
         <value>0x6d39</value>
         <object_component_ref idref="oc-170"/>
      </symbol>
      <symbol id="sm-218">
         <name>DL_SPI_init</name>
         <value>0x6765</value>
         <object_component_ref idref="oc-1de"/>
      </symbol>
      <symbol id="sm-219">
         <name>DL_SPI_setClockConfig</name>
         <value>0x6e05</value>
         <object_component_ref idref="oc-1d8"/>
      </symbol>
      <symbol id="sm-21a">
         <name>DL_SPI_receiveDataBlocking8</name>
         <value>0x6d19</value>
         <object_component_ref idref="oc-1ff"/>
      </symbol>
      <symbol id="sm-236">
         <name>DL_Timer_setClockConfig</name>
         <value>0x6d95</value>
         <object_component_ref idref="oc-1c7"/>
      </symbol>
      <symbol id="sm-237">
         <name>DL_Timer_initTimerMode</name>
         <value>0x5115</value>
         <object_component_ref idref="oc-1cd"/>
      </symbol>
      <symbol id="sm-238">
         <name>DL_Timer_setCaptureCompareValue</name>
         <value>0x6e4d</value>
         <object_component_ref idref="oc-60"/>
      </symbol>
      <symbol id="sm-239">
         <name>DL_Timer_setCaptCompUpdateMethod</name>
         <value>0x6d79</value>
         <object_component_ref idref="oc-1ca"/>
      </symbol>
      <symbol id="sm-23a">
         <name>DL_Timer_setCaptureCompareOutCtl</name>
         <value>0x6db1</value>
         <object_component_ref idref="oc-1c9"/>
      </symbol>
      <symbol id="sm-23b">
         <name>DL_Timer_initFourCCPWMMode</name>
         <value>0x5011</value>
         <object_component_ref idref="oc-1c8"/>
      </symbol>
      <symbol id="sm-24b">
         <name>DL_UART_init</name>
         <value>0x66d5</value>
         <object_component_ref idref="oc-1d5"/>
      </symbol>
      <symbol id="sm-24c">
         <name>DL_UART_setClockConfig</name>
         <value>0x6e17</value>
         <object_component_ref idref="oc-1d4"/>
      </symbol>
      <symbol id="sm-24d">
         <name>DL_UART_transmitDataBlocking</name>
         <value>0x6bc9</value>
         <object_component_ref idref="oc-105"/>
      </symbol>
      <symbol id="sm-25e">
         <name>printf</name>
         <value>0x62e9</value>
         <object_component_ref idref="oc-10b"/>
      </symbol>
      <symbol id="sm-2a7">
         <name>__TI_printfi</name>
         <value>0xc1</value>
         <object_component_ref idref="oc-20c"/>
      </symbol>
      <symbol id="sm-2b1">
         <name>frexp</name>
         <value>0x628d</value>
         <object_component_ref idref="oc-26c"/>
      </symbol>
      <symbol id="sm-2b2">
         <name>frexpl</name>
         <value>0x628d</value>
         <object_component_ref idref="oc-26c"/>
      </symbol>
      <symbol id="sm-2bc">
         <name>scalbn</name>
         <value>0x55c5</value>
         <object_component_ref idref="oc-270"/>
      </symbol>
      <symbol id="sm-2bd">
         <name>ldexp</name>
         <value>0x55c5</value>
         <object_component_ref idref="oc-270"/>
      </symbol>
      <symbol id="sm-2be">
         <name>scalbnl</name>
         <value>0x55c5</value>
         <object_component_ref idref="oc-270"/>
      </symbol>
      <symbol id="sm-2bf">
         <name>ldexpl</name>
         <value>0x55c5</value>
         <object_component_ref idref="oc-270"/>
      </symbol>
      <symbol id="sm-2ca">
         <name>__aeabi_errno_addr</name>
         <value>0x6ee1</value>
         <object_component_ref idref="oc-23a"/>
      </symbol>
      <symbol id="sm-2cb">
         <name>__aeabi_errno</name>
         <value>0x20201aa4</value>
         <object_component_ref idref="oc-25a"/>
      </symbol>
      <symbol id="sm-2d4">
         <name>_nop</name>
         <value>0x6163</value>
         <object_component_ref idref="oc-20d"/>
      </symbol>
      <symbol id="sm-2d5">
         <name>_lock</name>
         <value>0x20201aa8</value>
         <object_component_ref idref="oc-1a4"/>
      </symbol>
      <symbol id="sm-2d6">
         <name>_unlock</name>
         <value>0x20201aac</value>
         <object_component_ref idref="oc-1aa"/>
      </symbol>
      <symbol id="sm-2df">
         <name>__TI_ltoa</name>
         <value>0x639d</value>
         <object_component_ref idref="oc-278"/>
      </symbol>
      <symbol id="sm-2ea">
         <name>atoi</name>
         <value>0x6975</value>
         <object_component_ref idref="oc-232"/>
      </symbol>
      <symbol id="sm-2ef">
         <name>_ftable</name>
         <value>0x20201990</value>
         <object_component_ref idref="oc-1a6"/>
      </symbol>
      <symbol id="sm-2f8">
         <name>memccpy</name>
         <value>0x6cf5</value>
         <object_component_ref idref="oc-22b"/>
      </symbol>
      <symbol id="sm-304">
         <name>_c_int00_noargs</name>
         <value>0x6ca9</value>
         <object_component_ref idref="oc-59"/>
      </symbol>
      <symbol id="sm-305">
         <name>__stack</name>
         <value>0x20207e00</value>
         <object_component_ref idref="oc-1a"/>
      </symbol>
      <symbol id="sm-311">
         <name>__TI_auto_init_nobinit_nopinit</name>
         <value>0x6aa9</value>
         <object_component_ref idref="oc-13b"/>
      </symbol>
      <symbol id="sm-319">
         <name>_system_pre_init</name>
         <value>0x6f05</value>
         <object_component_ref idref="oc-a9"/>
      </symbol>
      <symbol id="sm-324">
         <name>__TI_zero_init</name>
         <value>0x6e6d</value>
         <object_component_ref idref="oc-56"/>
      </symbol>
      <symbol id="sm-32d">
         <name>__TI_decompress_none</name>
         <value>0x6e3b</value>
         <object_component_ref idref="oc-20"/>
      </symbol>
      <symbol id="sm-338">
         <name>__TI_decompress_lzss</name>
         <value>0x5ec5</value>
         <object_component_ref idref="oc-1c"/>
      </symbol>
      <symbol id="sm-341">
         <name>wcslen</name>
         <value>0x6e5d</value>
         <object_component_ref idref="oc-236"/>
      </symbol>
      <symbol id="sm-344">
         <name>__aeabi_ctype_table_</name>
         <value>0x79e0</value>
         <object_component_ref idref="oc-253"/>
      </symbol>
      <symbol id="sm-345">
         <name>__aeabi_ctype_table_C</name>
         <value>0x79e0</value>
         <object_component_ref idref="oc-253"/>
      </symbol>
      <symbol id="sm-34f">
         <name>abort</name>
         <value>0x6f09</value>
         <object_component_ref idref="oc-134"/>
      </symbol>
      <symbol id="sm-350">
         <name>C$$EXIT</name>
         <value>0x6f08</value>
         <object_component_ref idref="oc-134"/>
      </symbol>
      <symbol id="sm-361">
         <name>__aeabi_fadd</name>
         <value>0x56a7</value>
         <object_component_ref idref="oc-7e"/>
      </symbol>
      <symbol id="sm-362">
         <name>__addsf3</name>
         <value>0x56a7</value>
         <object_component_ref idref="oc-7e"/>
      </symbol>
      <symbol id="sm-363">
         <name>__aeabi_fsub</name>
         <value>0x569d</value>
         <object_component_ref idref="oc-7e"/>
      </symbol>
      <symbol id="sm-364">
         <name>__subsf3</name>
         <value>0x569d</value>
         <object_component_ref idref="oc-7e"/>
      </symbol>
      <symbol id="sm-36a">
         <name>__aeabi_dadd</name>
         <value>0x415b</value>
         <object_component_ref idref="oc-28f"/>
      </symbol>
      <symbol id="sm-36b">
         <name>__adddf3</name>
         <value>0x415b</value>
         <object_component_ref idref="oc-28f"/>
      </symbol>
      <symbol id="sm-36c">
         <name>__aeabi_dsub</name>
         <value>0x4151</value>
         <object_component_ref idref="oc-28f"/>
      </symbol>
      <symbol id="sm-36d">
         <name>__subdf3</name>
         <value>0x4151</value>
         <object_component_ref idref="oc-28f"/>
      </symbol>
      <symbol id="sm-376">
         <name>__aeabi_dmul</name>
         <value>0x53fd</value>
         <object_component_ref idref="oc-281"/>
      </symbol>
      <symbol id="sm-377">
         <name>__muldf3</name>
         <value>0x53fd</value>
         <object_component_ref idref="oc-281"/>
      </symbol>
      <symbol id="sm-37d">
         <name>__muldsi3</name>
         <value>0x6b21</value>
         <object_component_ref idref="oc-c4"/>
      </symbol>
      <symbol id="sm-383">
         <name>__aeabi_fmul</name>
         <value>0x5c2d</value>
         <object_component_ref idref="oc-76"/>
      </symbol>
      <symbol id="sm-384">
         <name>__mulsf3</name>
         <value>0x5c2d</value>
         <object_component_ref idref="oc-76"/>
      </symbol>
      <symbol id="sm-38a">
         <name>__aeabi_fdiv</name>
         <value>0x5dc9</value>
         <object_component_ref idref="oc-6a"/>
      </symbol>
      <symbol id="sm-38b">
         <name>__divsf3</name>
         <value>0x5dc9</value>
         <object_component_ref idref="oc-6a"/>
      </symbol>
      <symbol id="sm-391">
         <name>__aeabi_ddiv</name>
         <value>0x4dfd</value>
         <object_component_ref idref="oc-28a"/>
      </symbol>
      <symbol id="sm-392">
         <name>__divdf3</name>
         <value>0x4dfd</value>
         <object_component_ref idref="oc-28a"/>
      </symbol>
      <symbol id="sm-398">
         <name>__aeabi_f2d</name>
         <value>0x6935</value>
         <object_component_ref idref="oc-11f"/>
      </symbol>
      <symbol id="sm-399">
         <name>__extendsfdf2</name>
         <value>0x6935</value>
         <object_component_ref idref="oc-11f"/>
      </symbol>
      <symbol id="sm-39f">
         <name>__aeabi_d2iz</name>
         <value>0x6641</value>
         <object_component_ref idref="oc-274"/>
      </symbol>
      <symbol id="sm-3a0">
         <name>__fixdfsi</name>
         <value>0x6641</value>
         <object_component_ref idref="oc-274"/>
      </symbol>
      <symbol id="sm-3a6">
         <name>__aeabi_f2iz</name>
         <value>0x6b5d</value>
         <object_component_ref idref="oc-be"/>
      </symbol>
      <symbol id="sm-3a7">
         <name>__fixsfsi</name>
         <value>0x6b5d</value>
         <object_component_ref idref="oc-be"/>
      </symbol>
      <symbol id="sm-3ad">
         <name>__aeabi_f2uiz</name>
         <value>0x6b95</value>
         <object_component_ref idref="oc-6e"/>
      </symbol>
      <symbol id="sm-3ae">
         <name>__fixunssfsi</name>
         <value>0x6b95</value>
         <object_component_ref idref="oc-6e"/>
      </symbol>
      <symbol id="sm-3b4">
         <name>__aeabi_i2d</name>
         <value>0x6c29</value>
         <object_component_ref idref="oc-27c"/>
      </symbol>
      <symbol id="sm-3b5">
         <name>__floatsidf</name>
         <value>0x6c29</value>
         <object_component_ref idref="oc-27c"/>
      </symbol>
      <symbol id="sm-3bb">
         <name>__aeabi_i2f</name>
         <value>0x6a31</value>
         <object_component_ref idref="oc-1f8"/>
      </symbol>
      <symbol id="sm-3bc">
         <name>__floatsisf</name>
         <value>0x6a31</value>
         <object_component_ref idref="oc-1f8"/>
      </symbol>
      <symbol id="sm-3c2">
         <name>__aeabi_ui2f</name>
         <value>0x6c81</value>
         <object_component_ref idref="oc-72"/>
      </symbol>
      <symbol id="sm-3c3">
         <name>__floatunsisf</name>
         <value>0x6c81</value>
         <object_component_ref idref="oc-72"/>
      </symbol>
      <symbol id="sm-3c9">
         <name>__aeabi_lmul</name>
         <value>0x6cd1</value>
         <object_component_ref idref="oc-23f"/>
      </symbol>
      <symbol id="sm-3ca">
         <name>__muldi3</name>
         <value>0x6cd1</value>
         <object_component_ref idref="oc-23f"/>
      </symbol>
      <symbol id="sm-3d3">
         <name>__clzsi2</name>
         <value>0x63f5</value>
         <object_component_ref idref="oc-1f4"/>
      </symbol>
      <symbol id="sm-3d9">
         <name>__aeabi_dcmpeq</name>
         <value>0x6165</value>
         <object_component_ref idref="oc-248"/>
      </symbol>
      <symbol id="sm-3da">
         <name>__aeabi_dcmplt</name>
         <value>0x6179</value>
         <object_component_ref idref="oc-248"/>
      </symbol>
      <symbol id="sm-3db">
         <name>__aeabi_dcmple</name>
         <value>0x618d</value>
         <object_component_ref idref="oc-248"/>
      </symbol>
      <symbol id="sm-3dc">
         <name>__aeabi_dcmpge</name>
         <value>0x61a1</value>
         <object_component_ref idref="oc-248"/>
      </symbol>
      <symbol id="sm-3dd">
         <name>__aeabi_dcmpgt</name>
         <value>0x61b5</value>
         <object_component_ref idref="oc-248"/>
      </symbol>
      <symbol id="sm-3e3">
         <name>__aeabi_fcmpeq</name>
         <value>0x61c9</value>
         <object_component_ref idref="oc-82"/>
      </symbol>
      <symbol id="sm-3e4">
         <name>__aeabi_fcmplt</name>
         <value>0x61dd</value>
         <object_component_ref idref="oc-82"/>
      </symbol>
      <symbol id="sm-3e5">
         <name>__aeabi_fcmple</name>
         <value>0x61f1</value>
         <object_component_ref idref="oc-82"/>
      </symbol>
      <symbol id="sm-3e6">
         <name>__aeabi_fcmpge</name>
         <value>0x6205</value>
         <object_component_ref idref="oc-82"/>
      </symbol>
      <symbol id="sm-3e7">
         <name>__aeabi_fcmpgt</name>
         <value>0x6219</value>
         <object_component_ref idref="oc-82"/>
      </symbol>
      <symbol id="sm-3ed">
         <name>__aeabi_idiv</name>
         <value>0x64a5</value>
         <object_component_ref idref="oc-2a2"/>
      </symbol>
      <symbol id="sm-3ee">
         <name>__aeabi_idivmod</name>
         <value>0x64a5</value>
         <object_component_ref idref="oc-2a2"/>
      </symbol>
      <symbol id="sm-3f4">
         <name>__aeabi_memcpy</name>
         <value>0x6ee9</value>
         <object_component_ref idref="oc-49"/>
      </symbol>
      <symbol id="sm-3f5">
         <name>__aeabi_memcpy4</name>
         <value>0x6ee9</value>
         <object_component_ref idref="oc-49"/>
      </symbol>
      <symbol id="sm-3f6">
         <name>__aeabi_memcpy8</name>
         <value>0x6ee9</value>
         <object_component_ref idref="oc-49"/>
      </symbol>
      <symbol id="sm-3ff">
         <name>__aeabi_memset</name>
         <value>0x6e7d</value>
         <object_component_ref idref="oc-22a"/>
      </symbol>
      <symbol id="sm-400">
         <name>__aeabi_memset4</name>
         <value>0x6e7d</value>
         <object_component_ref idref="oc-22a"/>
      </symbol>
      <symbol id="sm-401">
         <name>__aeabi_memset8</name>
         <value>0x6e7d</value>
         <object_component_ref idref="oc-22a"/>
      </symbol>
      <symbol id="sm-402">
         <name>__aeabi_memclr</name>
         <value>0x6ea5</value>
         <object_component_ref idref="oc-a4"/>
      </symbol>
      <symbol id="sm-403">
         <name>__aeabi_memclr4</name>
         <value>0x6ea5</value>
         <object_component_ref idref="oc-a4"/>
      </symbol>
      <symbol id="sm-404">
         <name>__aeabi_memclr8</name>
         <value>0x6ea5</value>
         <object_component_ref idref="oc-a4"/>
      </symbol>
      <symbol id="sm-40a">
         <name>__aeabi_uidiv</name>
         <value>0x68f5</value>
         <object_component_ref idref="oc-7a"/>
      </symbol>
      <symbol id="sm-40b">
         <name>__aeabi_uidivmod</name>
         <value>0x68f5</value>
         <object_component_ref idref="oc-7a"/>
      </symbol>
      <symbol id="sm-411">
         <name>__aeabi_uldivmod</name>
         <value>0x6dc9</value>
         <object_component_ref idref="oc-244"/>
      </symbol>
      <symbol id="sm-41a">
         <name>__eqsf2</name>
         <value>0x6ae5</value>
         <object_component_ref idref="oc-d0"/>
      </symbol>
      <symbol id="sm-41b">
         <name>__lesf2</name>
         <value>0x6ae5</value>
         <object_component_ref idref="oc-d0"/>
      </symbol>
      <symbol id="sm-41c">
         <name>__ltsf2</name>
         <value>0x6ae5</value>
         <object_component_ref idref="oc-d0"/>
      </symbol>
      <symbol id="sm-41d">
         <name>__nesf2</name>
         <value>0x6ae5</value>
         <object_component_ref idref="oc-d0"/>
      </symbol>
      <symbol id="sm-41e">
         <name>__cmpsf2</name>
         <value>0x6ae5</value>
         <object_component_ref idref="oc-d0"/>
      </symbol>
      <symbol id="sm-41f">
         <name>__gtsf2</name>
         <value>0x6a6d</value>
         <object_component_ref idref="oc-d5"/>
      </symbol>
      <symbol id="sm-420">
         <name>__gesf2</name>
         <value>0x6a6d</value>
         <object_component_ref idref="oc-d5"/>
      </symbol>
      <symbol id="sm-426">
         <name>__udivmoddi4</name>
         <value>0x5a5d</value>
         <object_component_ref idref="oc-25f"/>
      </symbol>
      <symbol id="sm-42c">
         <name>__aeabi_llsl</name>
         <value>0x6d59</value>
         <object_component_ref idref="oc-294"/>
      </symbol>
      <symbol id="sm-42d">
         <name>__ashldi3</name>
         <value>0x6d59</value>
         <object_component_ref idref="oc-294"/>
      </symbol>
      <symbol id="sm-43b">
         <name>__ledf2</name>
         <value>0x6091</value>
         <object_component_ref idref="oc-264"/>
      </symbol>
      <symbol id="sm-43c">
         <name>__gedf2</name>
         <value>0x6021</value>
         <object_component_ref idref="oc-26a"/>
      </symbol>
      <symbol id="sm-43d">
         <name>__cmpdf2</name>
         <value>0x6091</value>
         <object_component_ref idref="oc-264"/>
      </symbol>
      <symbol id="sm-43e">
         <name>__eqdf2</name>
         <value>0x6091</value>
         <object_component_ref idref="oc-264"/>
      </symbol>
      <symbol id="sm-43f">
         <name>__ltdf2</name>
         <value>0x6091</value>
         <object_component_ref idref="oc-264"/>
      </symbol>
      <symbol id="sm-440">
         <name>__nedf2</name>
         <value>0x6091</value>
         <object_component_ref idref="oc-264"/>
      </symbol>
      <symbol id="sm-441">
         <name>__gtdf2</name>
         <value>0x6021</value>
         <object_component_ref idref="oc-26a"/>
      </symbol>
      <symbol id="sm-44d">
         <name>__aeabi_idiv0</name>
         <value>0x500f</value>
         <object_component_ref idref="oc-c9"/>
      </symbol>
      <symbol id="sm-44e">
         <name>__aeabi_ldiv0</name>
         <value>0x5e4b</value>
         <object_component_ref idref="oc-293"/>
      </symbol>
      <symbol id="sm-467">
         <name>memcpy</name>
         <value>0x5aff</value>
         <object_component_ref idref="oc-dc"/>
      </symbol>
      <symbol id="sm-476">
         <name>memset</name>
         <value>0x622b</value>
         <object_component_ref idref="oc-159"/>
      </symbol>
      <symbol id="sm-477">
         <name>__TI_static_base__</name>
         <value>0x0</value>
      </symbol>
      <symbol id="sm-47b">
         <name>__mpu_init</name>
         <value>0x0</value>
      </symbol>
      <symbol id="sm-47c">
         <name>_system_post_cinit</name>
         <value>0x0</value>
      </symbol>
   </symbol_table>
   <title>Link successful</title>
</link_info>
