******************************************************************************
            TI ARM Clang Linker PC v3.2.2                      
******************************************************************************
>> Linked Fri Mar 27 22:55:38 2026

OUTPUT FILE NAME:   <G3507_DriverLib_Task_ADC_FFT_E07_T1.out>
ENTRY POINT SYMBOL: "_c_int00_noargs"  address: 00006ca9


MEMORY CONFIGURATION

         name            origin    length      used     unused   attr    fill
----------------------  --------  ---------  --------  --------  ----  --------
  FLASH                 00000000   00020000  00007dd0  00018230  R  X
  SRAM                  20200000   00008000  00001ce9  00006317  RW X
  BCR_CONFIG            41c00000   000000ff  00000000  000000ff  R   
  BSL_CONFIG            41c00100   00000080  00000000  00000080  R   


SEGMENT ALLOCATION MAP

run origin  load origin   length   init length attrs members
----------  ----------- ---------- ----------- ----- -------
00000000    00000000    00007dd0   00007dd0    r-x
  00000000    00000000    000000c0   000000c0    r-- .intvecs
  000000c0    000000c0    00006e50   00006e50    r-x .text
  00006f10    00006f10    00000e50   00000e50    r-- .rodata
  00007d60    00007d60    00000070   00000070    r-- .cinit
20200000    20200000    00001aeb   00000000    rw-
  20200000    20200000    0000198e   00000000    rw- .bss
  20201990    20201990    0000015b   00000000    rw- .data
20207e00    20207e00    00000200   00000000    rw-
  20207e00    20207e00    00000200   00000000    rw- .stack


SECTION ALLOCATION MAP

 output                                  attributes/
section   page    origin      length       input sections
--------  ----  ----------  ----------   ----------------
.intvecs   0    00000000    000000c0     
                  00000000    000000c0     startup_mspm0g350x_ticlang.o (.intvecs)

.text      0    000000c0    00006e50     
                  000000c0    00000a00     libc.a : _printfi.c.obj (.text:__TI_printfi)
                  00000ac0    00000728     main.o (.text.main)
                  000011e8    00000570     I2C_GPIO_25a.o (.text.Write_IIC_Command)
                  00001758    00000570     I2C_GPIO_25a.o (.text.Write_IIC_Data)
                  00001cc8    000004f4     arm_cortexM0l_math.a : arm_cfft_radix4_q15.o (.text.arm_radix4_butterfly_inverse_q15)
                  000021bc    000004ec                          : arm_cfft_radix4_q15.o (.text.arm_radix4_butterfly_q15)
                  000026a8    000004b8     main.o (.text.FLASH_CheckAndSaveADCData)
                  00002b60    00000478     main.o (.text.GROUP1_IRQHandler)
                  00002fd8    00000458     NOR_FLASH.o (.text.Norflash_Write)
                  00003430    00000340     arm_cortexM0l_math.a : arm_cfft_q15.o (.text.arm_cfft_radix4by2_inverse_q15)
                  00003770    00000340                          : arm_cfft_q15.o (.text.arm_cfft_radix4by2_q15)
                  00003ab0    000002a4     main.o (.text.Show_FFT_Spectrum)
                  00003d54    00000220     libc.a : _printfi.c.obj (.text._pconv_a)
                  00003f74    000001dc            : _printfi.c.obj (.text._pconv_g)
                  00004150    00000192     libclang_rt.builtins.a : adddf3.S.obj (.text.adddf3_subdf3)
                  000042e2    00000002     startup_mspm0g350x_ticlang.o (.text.Default_Handler)
                  000042e4    00000178     main.o (.text.Show_Freq_And_Ampl)
                  0000445c    0000015c     main.o (.text.DAC_Init)
                  000045b8    00000158     NOR_FLASH.o (.text.Norflash_Write_Page)
                  00004710    00000144     OLED13.o (.text.OLED_Clear)
                  00004854    0000013c     libc.a : _printfi.c.obj (.text.fcvt)
                  00004990    00000124     NOR_FLASH.o (.text.Norflash_Erase_Sector)
                  00004ab4    00000120     libc.a : _printfi.c.obj (.text._pconv_e)
                  00004bd4    00000114     NOR_FLASH.o (.text.Norflash_Read)
                  00004ce8    00000114     OLED13.o (.text.OLED_Init)
                  00004dfc    0000010c     libclang_rt.builtins.a : divdf3.S.obj (.text.__divdf3)
                  00004f08    00000106     OLED13.o (.text.OLED_ShowNum)
                  0000500e    00000002     libclang_rt.builtins.a : aeabi_div0.c.obj (.text.__aeabi_idiv0)
                  00005010    00000104     driverlib.a : dl_timer.o (.text.DL_Timer_initFourCCPWMMode)
                  00005114    000000fc                 : dl_timer.o (.text.DL_Timer_initTimerMode)
                  00005210    000000fc     main.o (.text.TIMG6_IRQHandler)
                  0000530c    000000f0     OLED13.o (.text.OLED_ShowChar)
                  000053fc    000000e4     libclang_rt.builtins.a : muldf3.S.obj (.text.__muldf3)
                  000054e0    000000e4     arm_cortexM0l_math.a : arm_cfft_q15.o (.text.arm_cfft_q15)
                  000055c4    000000d8     libc.a : s_scalbn.c.obj (.text.scalbn)
                  0000569c    000000d8     libclang_rt.builtins.a : addsf3.S.obj (.text)
                  00005774    000000c4     arm_cortexM0l_math.a : arm_cmplx_mag_q15.o (.text.arm_cmplx_mag_q15)
                  00005838    000000c4     main.o (.text.fputs)
                  000058fc    000000b8     arm_cortexM0l_math.a : arm_sqrt_q15.o (.text.arm_sqrt_q15)
                  000059b4    000000a8     ti_msp_dl_config.o (.text.SYSCFG_DL_GPIO_init)
                  00005a5c    000000a2     libclang_rt.builtins.a : udivmoddi4.S.obj (.text)
                  00005afe    0000009a     libc.a : memcpy16.S.obj (.text:memcpy)
                  00005b98    00000094     ti_msp_dl_config.o (.text.SYSCFG_DL_PWM_BUZZ_init)
                  00005c2c    0000008c     libclang_rt.builtins.a : mulsf3.S.obj (.text.__mulsf3)
                  00005cb8    00000088     driverlib.a : dl_dac12.o (.text.DL_DAC12_init)
                  00005d40    00000088     ti_msp_dl_config.o (.text.SYSCFG_DL_initPower)
                  00005dc8    00000082     libclang_rt.builtins.a : divsf3.S.obj (.text.__divsf3)
                  00005e4a    00000002                            : aeabi_div0.c.obj (.text.__aeabi_ldiv0)
                  00005e4c    00000078     ti_msp_dl_config.o (.text.SYSCFG_DL_ADC12_0_init)
                  00005ec4    00000078     libc.a : copy_decompress_lzss.c.obj (.text:decompress:lzss)
                  00005f3c    00000074     I2C_GPIO_25a.o (.text.I2CB1_Init)
                  00005fb0    00000070     ti_msp_dl_config.o (.text.SYSCFG_DL_UART_0_init)
                  00006020    00000070     libclang_rt.builtins.a : comparedf2.c.obj (.text.__gedf2)
                  00006090    0000006c                            : comparedf2.c.obj (.text.__ledf2)
                  000060fc    00000066     libc.a : _printfi.c.obj (.text._mcpy)
                  00006162    00000002            : _lock.c.obj (.text._nop)
                  00006164    00000062     libclang_rt.builtins.a : aeabi_dcmp.S.obj (.text.__aeabi_dcmp)
                  000061c6    00000002     --HOLE-- [fill = 0]
                  000061c8    00000062                            : aeabi_fcmp.S.obj (.text.__aeabi_fcmp)
                  0000622a    00000062     libc.a : memset16.S.obj (.text:memset)
                  0000628c    0000005c            : s_frexp.c.obj (.text.frexp)
                  000062e8    0000005c            : printf.c.obj (.text.printf)
                  00006344    00000058     main.o (.text.TIMG7_IRQHandler)
                  0000639c    00000058     libc.a : _ltoa.c.obj (.text.__TI_ltoa)
                  000063f4    00000058     libclang_rt.builtins.a : clzsi2.c.obj (.text.__clzsi2)
                  0000644c    00000058     libc.a : _printfi.c.obj (.text._pconv_f)
                  000064a4    00000056     libclang_rt.builtins.a : aeabi_idivmod.S.obj (.text.__aeabi_idivmod)
                  000064fa    00000002     --HOLE-- [fill = 0]
                  000064fc    00000054     ti_msp_dl_config.o (.text.SYSCFG_DL_SYSCTL_init)
                  00006550    00000052     libc.a : _printfi.c.obj (.text._ecpy)
                  000065a2    00000002     --HOLE-- [fill = 0]
                  000065a4    00000050     ti_msp_dl_config.o (.text.SYSCFG_DL_init)
                  000065f4    0000004c     ti_msp_dl_config.o (.text.SYSCFG_DL_SPI1_init)
                  00006640    0000004a     libclang_rt.builtins.a : fixdfsi.S.obj (.text.__fixdfsi)
                  0000668a    00000002     --HOLE-- [fill = 0]
                  0000668c    00000048     main.o (.text.ADC0_IRQHandler)
                  000066d4    00000048     driverlib.a : dl_uart.o (.text.DL_UART_init)
                  0000671c    00000046     arm_cortexM0l_math.a : arm_max_q15.o (.text.arm_max_q15)
                  00006762    00000002     --HOLE-- [fill = 0]
                  00006764    00000044     driverlib.a : dl_spi.o (.text.DL_SPI_init)
                  000067a8    00000044     ti_msp_dl_config.o (.text.SYSCFG_DL_TIMER_1_init)
                  000067ec    00000044     ti_msp_dl_config.o (.text.SYSCFG_DL_TIMER_2_init)
                  00006830    00000042     arm_cortexM0l_math.a : arm_bitreversal2.o (.text.arm_bitreversal_16)
                  00006872    00000002     --HOLE-- [fill = 0]
                  00006874    00000040     driverlib.a : dl_adc12.o (.text.DL_ADC12_setClockConfig)
                  000068b4    00000040     ti_msp_dl_config.o (.text.SYSCFG_DL_TIMER_0_init)
                  000068f4    00000040     libclang_rt.builtins.a : aeabi_uidivmod.S.obj (.text.__aeabi_uidivmod)
                  00006934    00000040                            : extendsfdf2.S.obj (.text.__extendsfdf2)
                  00006974    00000040     libc.a : atoi.c.obj (.text.atoi)
                  000069b4    0000003e     OLED13.o (.text.OLED_ShowString)
                  000069f2    00000002     --HOLE-- [fill = 0]
                  000069f4    0000003c     ti_msp_dl_config.o (.text.SYSCFG_DL_DAC12_init)
                  00006a30    0000003c     libclang_rt.builtins.a : floatsisf.S.obj (.text.__floatsisf)
                  00006a6c    0000003c                            : comparesf2.S.obj (.text.__gtsf2)
                  00006aa8    0000003c     libc.a : autoinit.c.obj (.text:__TI_auto_init_nobinit_nopinit)
                  00006ae4    0000003a     libclang_rt.builtins.a : comparesf2.S.obj (.text.__eqsf2)
                  00006b1e    00000002     --HOLE-- [fill = 0]
                  00006b20    0000003a                            : muldsi3.S.obj (.text.__muldsi3)
                  00006b5a    00000002     --HOLE-- [fill = 0]
                  00006b5c    00000038                            : fixsfsi.S.obj (.text.__fixsfsi)
                  00006b94    00000032                            : fixunssfsi.S.obj (.text.__fixunssfsi)
                  00006bc6    00000002     --HOLE-- [fill = 0]
                  00006bc8    00000030     driverlib.a : dl_uart.o (.text.DL_UART_transmitDataBlocking)
                  00006bf8    00000030     libc.a : _printfi.c.obj (.text._fcpy)
                  00006c28    0000002c     libclang_rt.builtins.a : floatsidf.S.obj (.text.__floatsidf)
                  00006c54    0000002a     OLED13.o (.text.OLED_Set_Pos)
                  00006c7e    00000002     --HOLE-- [fill = 0]
                  00006c80    00000028     libclang_rt.builtins.a : floatunsisf.S.obj (.text.__floatunsisf)
                  00006ca8    00000028     libc.a : boot_cortex_m.c.obj (.text:_c_int00_noargs)
                  00006cd0    00000024     libclang_rt.builtins.a : muldi3.S.obj (.text.__muldi3)
                  00006cf4    00000022     libc.a : memccpy.c.obj (.text.memccpy)
                  00006d16    00000002     --HOLE-- [fill = 0]
                  00006d18    00000020     driverlib.a : dl_spi.o (.text.DL_SPI_receiveDataBlocking8)
                  00006d38    0000001e                 : dl_dac12.o (.text.DL_DAC12_performSelfCalibrationBlocking)
                  00006d56    00000002     --HOLE-- [fill = 0]
                  00006d58    0000001e     libclang_rt.builtins.a : ashldi3.S.obj (.text.__ashldi3)
                  00006d76    00000002     --HOLE-- [fill = 0]
                  00006d78    0000001c     driverlib.a : dl_timer.o (.text.DL_Timer_setCaptCompUpdateMethod)
                  00006d94    0000001c                 : dl_timer.o (.text.DL_Timer_setClockConfig)
                  00006db0    00000018                 : dl_timer.o (.text.DL_Timer_setCaptureCompareOutCtl)
                  00006dc8    00000014     libclang_rt.builtins.a : aeabi_uldivmod.S.obj (.text.__aeabi_uldivmod)
                  00006ddc    00000014     main.o (.text.fputc)
                  00006df0    00000014     libc.a : _printfi.c.obj (.text.strchr)
                  00006e04    00000012     driverlib.a : dl_spi.o (.text.DL_SPI_setClockConfig)
                  00006e16    00000012                 : dl_uart.o (.text.DL_UART_setClockConfig)
                  00006e28    00000012     I2C_GPIO_25a.o (.text.OLED_WR_Byte)
                  00006e3a    00000012     libc.a : copy_decompress_none.c.obj (.text:decompress:none)
                  00006e4c    00000010     driverlib.a : dl_timer.o (.text.DL_Timer_setCaptureCompareValue)
                  00006e5c    00000010     libc.a : wcslen.c.obj (.text.wcslen)
                  00006e6c    00000010            : copy_zero_init.c.obj (.text:decompress:ZI)
                  00006e7c    0000000e     libclang_rt.builtins.a : aeabi_memset.S.obj (.text.__aeabi_memset)
                  00006e8a    0000000e     libc.a : _printfi.c.obj (.text.strlen)
                  00006e98    0000000c     main.o (.text.UART0_IRQHandler)
                  00006ea4    0000000c     libclang_rt.builtins.a : aeabi_memset.S.obj (.text.__aeabi_memclr)
                  00006eb0    0000000a     driverlib.a : dl_common.o (.text.DL_Common_delayCycles)
                  00006eba    0000000a     libc.a : _printfi.c.obj (.text.OUTLINED_FUNCTION_0)
                  00006ec4    00000010     libclang_rt.builtins.a : adddf3.S.obj (.tramp.__aeabi_dsub.1)
                  00006ed4    0000000a     libc.a : _printfi.c.obj (.text.OUTLINED_FUNCTION_1)
                  00006ede    00000002     --HOLE-- [fill = 0]
                  00006ee0    00000008            : aeabi_portable.c.obj (.text.__aeabi_errno_addr)
                  00006ee8    00000008     libclang_rt.builtins.a : aeabi_memcpy.S.obj (.text.__aeabi_memcpy)
                  00006ef0    00000008     libc.a : printf.c.obj (.text._outc)
                  00006ef8    00000008            : printf.c.obj (.text._outs)
                  00006f00    00000004     startup_mspm0g350x_ticlang.o (.text.Reset_Handler)
                  00006f04    00000004     libc.a : pre_init.c.obj (.text._system_pre_init)
                  00006f08    00000004            : exit.c.obj (.text:abort)
                  00006f0c    00000004     --HOLE-- [fill = 0]

.cinit     0    00007d60    00000070     
                  00007d60    00000047     (.cinit..data.load) [load image, compression = lzss]
                  00007da7    00000001     --HOLE-- [fill = 0]
                  00007da8    0000000c     (__TI_handler_table)
                  00007db4    00000008     (.cinit..bss.load) [load image, compression = zero_init]
                  00007dbc    00000010     (__TI_cinit_table)
                  00007dcc    00000004     --HOLE-- [fill = 0]

.rodata    0    00006f10    00000e50     
                  00006f10    000005f0     OLED_Font.o (.rodata.Front_16x8Tab)
                  00007500    00000300     arm_cortexM0l_math.a : arm_common_tables.o (.rodata.twiddleCoef_256_q15)
                  00007800    000001e0                          : arm_common_tables.o (.rodata.armBitRevIndexTable_fixed_256)
                  000079e0    00000101     libc.a : aeabi_ctype.S.obj (.rodata:__aeabi_ctype_table_)
                  00007ae1    00000035     main.o (.rodata.str1.52501554851255701521)
                  00007b16    0000002a     main.o (.rodata.str1.103839438932389472821)
                  00007b40    00000029     main.o (.rodata.str1.80005621179524564701)
                  00007b69    00000027     main.o (.rodata.str1.104694899784271784861)
                  00007b90    00000026     main.o (.rodata.str1.130349973161174575041)
                  00007bb6    00000026     main.o (.rodata.str1.6139573612832184241)
                  00007bdc    00000021     main.o (.rodata.str1.171135724027876188451)
                  00007bfd    00000003     ti_msp_dl_config.o (.rodata.gPWM_BUZZClockConfig)
                  00007c00    00000020     ti_msp_dl_config.o (.rodata.gDAC12Config)
                  00007c20    0000001f     main.o (.rodata.str1.19581600218089604221)
                  00007c3f    0000001b     main.o (.rodata.str1.79551435545072341851)
                  00007c5a    00000002     ti_msp_dl_config.o (.rodata.gSPI1_clockConfig)
                  00007c5c    00000014     ti_msp_dl_config.o (.rodata.gTIMER_0TimerConfig)
                  00007c70    00000014     ti_msp_dl_config.o (.rodata.gTIMER_1TimerConfig)
                  00007c84    00000014     ti_msp_dl_config.o (.rodata.gTIMER_2TimerConfig)
                  00007c98    00000011     libc.a : _printfi.c.obj (.rodata.str1.11645776875810915891)
                  00007ca9    00000011            : _printfi.c.obj (.rodata.str1.44690500295887128011)
                  00007cba    00000011     main.o (.rodata.str1.47389027370924160151)
                  00007ccb    00000011     main.o (.rodata.str1.55017464818642898751)
                  00007cdc    00000010     arm_cortexM0l_math.a : arm_const_structs.o (.rodata.arm_cfft_sR_q15_len256)
                  00007cec    0000000a     ti_msp_dl_config.o (.rodata.gSPI1_config)
                  00007cf6    0000000a     ti_msp_dl_config.o (.rodata.gUART_0Config)
                  00007d00    00000008     ti_msp_dl_config.o (.rodata.gADC12_0ClockConfig)
                  00007d08    00000008     ti_msp_dl_config.o (.rodata.gPWM_BUZZConfig)
                  00007d10    00000006     main.o (.rodata.str1.151061411185031815721)
                  00007d16    00000006     main.o (.rodata.str1.169425006640414195481)
                  00007d1c    00000006     main.o (.rodata.str1.66576556518284861641)
                  00007d22    00000006     main.o (.rodata.str1.69189412625334732771)
                  00007d28    00000006     main.o (.rodata.str1.81593080567723157351)
                  00007d2e    00000006     main.o (.rodata.str1.84555903791196549931)
                  00007d34    00000006     main.o (.rodata.str1.954282607814150271)
                  00007d3a    00000005     main.o (.rodata.str1.42969106790848045441)
                  00007d3f    00000005     main.o (.rodata.str1.66840473539710954921)
                  00007d44    00000005     main.o (.rodata.str1.88864587114646350841)
                  00007d49    00000004     main.o (.rodata.str1.171590253234040549591)
                  00007d4d    00000004     main.o (.rodata.str1.96696425805949040631)
                  00007d51    00000003     ti_msp_dl_config.o (.rodata.gTIMER_0ClockConfig)
                  00007d54    00000003     ti_msp_dl_config.o (.rodata.gTIMER_1ClockConfig)
                  00007d57    00000003     ti_msp_dl_config.o (.rodata.gTIMER_2ClockConfig)
                  00007d5a    00000002     ti_msp_dl_config.o (.rodata.gUART_0ClockConfig)
                  00007d5c    00000004     --HOLE-- [fill = 0]

.init_array 
*          0    00000000    00000000     UNINITIALIZED

.binit     0    00000000    00000000     

.bss       0    20200000    0000198e     UNINITIALIZED
                  20200000    00001000     (.common:_25QXX_BUFFER)
                  20201000    00000400     main.o (.bss.gFFTInput)
                  20201400    00000200     main.o (.bss.gFFTMagnitude)
                  20201600    00000200     (.common:gADCBuffer)
                  20201800    000000a0     (.common:gTIMER_1Backup)
                  202018a0    000000a0     (.common:gTIMER_2Backup)
                  20201940    00000028     (.common:gSPI1Backup)
                  20201968    00000004     (.common:Temp)
                  2020196c    00000004     (.common:dac_cycle_pts)
                  20201970    00000004     (.common:dac_fall_pts)
                  20201974    00000004     (.common:dac_fall_remainder)
                  20201978    00000004     (.common:dac_point_cnt)
                  2020197c    00000004     (.common:dac_rise_pts)
                  20201980    00000004     (.common:dac_rise_remainder)
                  20201984    00000002     (.common:dac_current_val)
                  20201986    00000002     (.common:dac_fall_step)
                  20201988    00000002     (.common:dac_max_val)
                  2020198a    00000002     (.common:dac_min_val)
                  2020198c    00000002     (.common:dac_rise_step)

.data      0    20201990    0000015b     UNINITIALIZED
                  20201990    000000f0     libc.a : defs.c.obj (.data._ftable)
                  20201a80    00000004     main.o (.data.ActionDown)
                  20201a84    00000004     main.o (.data.ActionUp)
                  20201a88    00000004     main.o (.data.PrintADCAndFFTData.lastAmp)
                  20201a8c    00000004     main.o (.data.PrintADCAndFFTData.lastFreq)
                  20201a90    00000004     main.o (.data.PrintADCAndFFTData.lastUartTick)
                  20201a94    00000004     main.o (.data.Refresh)
                  20201a98    00000004     main.o (.data.SettingMode)
                  20201a9c    00000004     main.o (.data.StartScan)
                  20201aa0    00000004     main.o (.data.State)
                  20201aa4    00000004     libc.a : aeabi_portable.c.obj (.data.__aeabi_errno)
                  20201aa8    00000004            : _lock.c.obj (.data._lock)
                  20201aac    00000004            : _lock.c.obj (.data._unlock)
                  20201ab0    00000004     main.o (.data.gLastFlashAmp)
                  20201ab4    00000004     main.o (.data.gLastFlashFreq)
                  20201ab8    00000004     main.o (.data.gLastFlashSaveTick)
                  20201abc    00000004     main.o (.data.gLastOLEDUpdateTick)
                  20201ac0    00000004     main.o (.data.gLastSpectrumUpdateTick)
                  20201ac4    00000004     main.o (.data.gSignalAmp_MV)
                  20201ac8    00000004     main.o (.data.gSignalFreq_Hz)
                  20201acc    00000004     main.o (.data.g_square_duty)
                  20201ad0    00000004     main.o (.data.g_wave_freq)
                  20201ad4    00000004     main.o (.data.last_State)
                  20201ad8    00000004     main.o (.data.now)
                  20201adc    00000004     main.o (.data.tick)
                  20201ae0    00000002     main.o (.data.Led_1_Control.acc)
                  20201ae2    00000002     main.o (.data.gSampleIndex)
                  20201ae4    00000002     main.o (.data.g_wave_ampl)
                  20201ae6    00000001     main.o (.data.Led_1_Control.led1_State)
                  20201ae7    00000001     main.o (.data.gBufferFull)
                  20201ae8    00000001     main.o (.data.g_adjust_mode)
                  20201ae9    00000001     main.o (.data.g_current_wave)
                  20201aea    00000001     main.o (.data.toggle_var)

.stack     0    20207e00    00000200     UNINITIALIZED
                  20207e00    00000004     libc.a : boot_cortex_m.c.obj (.stack)
                  20207e04    000001fc     --HOLE--

__llvm_prf_cnts 
*          0    20200000    00000000     UNINITIALIZED

__llvm_prf_bits 
*          0    20200000    00000000     UNINITIALIZED

MODULE SUMMARY

       Module                         code    ro data   rw data
       ------                         ----    -------   -------
    .\
       main.o                         6224    441       2181   
       NOR_FLASH.o                    2024    0         4096   
       I2C_GPIO_25a.o                 2918    0         0      
       ti_msp_dl_config.o             1184    144       360    
       OLED_Font.o                    0       1520      0      
       OLED13.o                       1206    0         0      
       startup_mspm0g350x_ticlang.o   6       192       0      
    +--+------------------------------+-------+---------+---------+
       Total:                         13562   2297      6637   
                                                               
    D:/TI/mspm0_sdk_2_06_00_05/source/third_party/CMSIS/DSP/lib/ticlang/m0p/arm_cortexM0l_math.a
       arm_cfft_radix4_q15.o          2528    0         0      
       arm_cfft_q15.o                 1892    0         0      
       arm_common_tables.o            0       1248      0      
       arm_cmplx_mag_q15.o            196     0         0      
       arm_sqrt_q15.o                 184     0         0      
       arm_max_q15.o                  70      0         0      
       arm_bitreversal2.o             66      0         0      
       arm_const_structs.o            0       16        0      
    +--+------------------------------+-------+---------+---------+
       Total:                         4936    1264      0      
                                                               
    D:/TI/mspm0_sdk_2_06_00_05/source/ti/driverlib/lib/ticlang/m0p/mspm0g1x0x_g3x0x/driverlib.a
       dl_timer.o                     608     0         0      
       dl_dac12.o                     166     0         0      
       dl_uart.o                      138     0         0      
       dl_spi.o                       118     0         0      
       dl_adc12.o                     64      0         0      
       dl_common.o                    10      0         0      
    +--+------------------------------+-------+---------+---------+
       Total:                         1104    0         0      
                                                               
    D:\TI\ccs\tools\compiler\ti-cgt-armllvm_3.2.2.LTS\lib\armv6m-ti-none-eabi/c/libc.a
       _printfi.c.obj                 4558    34        0      
       aeabi_ctype.S.obj              0       257       0      
       defs.c.obj                     0       0         240    
       s_scalbn.c.obj                 216     0         0      
       memcpy16.S.obj                 154     0         0      
       copy_decompress_lzss.c.obj     120     0         0      
       printf.c.obj                   108     0         0      
       memset16.S.obj                 98      0         0      
       s_frexp.c.obj                  92      0         0      
       _ltoa.c.obj                    88      0         0      
       atoi.c.obj                     64      0         0      
       autoinit.c.obj                 60      0         0      
       boot_cortex_m.c.obj            40      0         0      
       memccpy.c.obj                  34      0         0      
       copy_decompress_none.c.obj     18      0         0      
       copy_zero_init.c.obj           16      0         0      
       wcslen.c.obj                   16      0         0      
       aeabi_portable.c.obj           8       0         4      
       _lock.c.obj                    2       0         8      
       exit.c.obj                     4       0         0      
       pre_init.c.obj                 4       0         0      
    +--+------------------------------+-------+---------+---------+
       Total:                         5700    291       252    
                                                               
    D:\TI\ccs\tools\compiler\ti-cgt-armllvm_3.2.2.LTS\lib\clang/15.0.7/lib/armv6m-ti-none-eabi/libclang_rt.builtins.a
       adddf3.S.obj                   418     0         0      
       divdf3.S.obj                   268     0         0      
       muldf3.S.obj                   228     0         0      
       comparedf2.c.obj               220     0         0      
       addsf3.S.obj                   216     0         0      
       udivmoddi4.S.obj               162     0         0      
       mulsf3.S.obj                   140     0         0      
       divsf3.S.obj                   130     0         0      
       comparesf2.S.obj               118     0         0      
       aeabi_dcmp.S.obj               98      0         0      
       aeabi_fcmp.S.obj               98      0         0      
       clzsi2.c.obj                   88      0         0      
       aeabi_idivmod.S.obj            86      0         0      
       fixdfsi.S.obj                  74      0         0      
       aeabi_uidivmod.S.obj           64      0         0      
       extendsfdf2.S.obj              64      0         0      
       floatsisf.S.obj                60      0         0      
       muldsi3.S.obj                  58      0         0      
       fixsfsi.S.obj                  56      0         0      
       fixunssfsi.S.obj               50      0         0      
       floatsidf.S.obj                44      0         0      
       floatunsisf.S.obj              40      0         0      
       muldi3.S.obj                   36      0         0      
       ashldi3.S.obj                  30      0         0      
       aeabi_memset.S.obj             26      0         0      
       aeabi_uldivmod.S.obj           20      0         0      
       aeabi_memcpy.S.obj             8       0         0      
       aeabi_div0.c.obj               4       0         0      
    +--+------------------------------+-------+---------+---------+
       Total:                         2904    0         0      
                                                               
       Stack:                         0       0         512    
       Linker Generated:              0       107       0      
    +--+------------------------------+-------+---------+---------+
       Grand Total:                   28206   3959      7401   


LINKER GENERATED COPY TABLES

__TI_cinit_table @ 00007dbc records: 2, size/record: 8, table size: 16
	.data: load addr=00007d60, load size=00000047 bytes, run addr=20201990, run size=0000015b bytes, compression=lzss
	.bss: load addr=00007db4, load size=00000008 bytes, run addr=20200000, run size=0000198e bytes, compression=zero_init


LINKER GENERATED HANDLER TABLE

__TI_handler_table @ 00007da8 records: 3, size/record: 4, table size: 12
	index: 0, handler: __TI_decompress_lzss
	index: 1, handler: __TI_decompress_none
	index: 2, handler: __TI_zero_init


FAR CALL TRAMPOLINES

callee name               trampoline name
   callee addr  tramp addr   call addr  call info
--------------  -----------  ---------  ----------------
__aeabi_dsub              $Tramp$TT$L$PI$$__aeabi_dsub
   00004151     00006ec4     00006ec2   libc.a : _printfi.c.obj (.text.OUTLINED_FUNCTION_0)

[1 trampolines]
[1 trampoline calls]


GLOBAL SYMBOLS: SORTED ALPHABETICALLY BY Name 

address   name                                   
-------   ----                                   
0000668d  ADC0_IRQHandler                        
000042e3  ADC1_IRQHandler                        
000042e3  AES_IRQHandler                         
20201a80  ActionDown                             
20201a84  ActionUp                               
00006f08  C$$EXIT                                
000042e3  CANFD0_IRQHandler                      
000042e3  DAC0_IRQHandler                        
0000445d  DAC_Init                               
00006875  DL_ADC12_setClockConfig                
00006eb1  DL_Common_delayCycles                  
00005cb9  DL_DAC12_init                          
00006d39  DL_DAC12_performSelfCalibrationBlocking
00006765  DL_SPI_init                            
00006d19  DL_SPI_receiveDataBlocking8            
00006e05  DL_SPI_setClockConfig                  
00005011  DL_Timer_initFourCCPWMMode             
00005115  DL_Timer_initTimerMode                 
00006d79  DL_Timer_setCaptCompUpdateMethod       
00006db1  DL_Timer_setCaptureCompareOutCtl       
00006e4d  DL_Timer_setCaptureCompareValue        
00006d95  DL_Timer_setClockConfig                
000066d5  DL_UART_init                           
00006e17  DL_UART_setClockConfig                 
00006bc9  DL_UART_transmitDataBlocking           
000042e3  DMA_IRQHandler                         
000042e3  Default_Handler                        
000026a9  FLASH_CheckAndSaveADCData              
00006f10  Front_16x8Tab                          
000042e3  GROUP0_IRQHandler                      
00002b61  GROUP1_IRQHandler                      
000042e3  HardFault_Handler                      
000042e3  I2C0_IRQHandler                        
000042e3  I2C1_IRQHandler                        
00005f3d  I2CB1_Init                             
000042e3  NMI_Handler                            
00004991  Norflash_Erase_Sector                  
00004bd5  Norflash_Read                          
00002fd9  Norflash_Write                         
000045b9  Norflash_Write_Page                    
00004711  OLED_Clear                             
00004ce9  OLED_Init                              
00006c55  OLED_Set_Pos                           
0000530d  OLED_ShowChar                          
00004f09  OLED_ShowNum                           
000069b5  OLED_ShowString                        
00006e29  OLED_WR_Byte                           
000042e3  PendSV_Handler                         
000042e3  RTC_IRQHandler                         
20201a94  Refresh                                
00006f01  Reset_Handler                          
000042e3  SPI0_IRQHandler                        
000042e3  SPI1_IRQHandler                        
000042e3  SVC_Handler                            
00005e4d  SYSCFG_DL_ADC12_0_init                 
000069f5  SYSCFG_DL_DAC12_init                   
000059b5  SYSCFG_DL_GPIO_init                    
00005b99  SYSCFG_DL_PWM_BUZZ_init                
000065f5  SYSCFG_DL_SPI1_init                    
000064fd  SYSCFG_DL_SYSCTL_init                  
000068b5  SYSCFG_DL_TIMER_0_init                 
000067a9  SYSCFG_DL_TIMER_1_init                 
000067ed  SYSCFG_DL_TIMER_2_init                 
00005fb1  SYSCFG_DL_UART_0_init                  
000065a5  SYSCFG_DL_init                         
00005d41  SYSCFG_DL_initPower                    
20201a98  SettingMode                            
00003ab1  Show_FFT_Spectrum                      
000042e5  Show_Freq_And_Ampl                     
20201a9c  StartScan                              
20201aa0  State                                  
000042e3  SysTick_Handler                        
000042e3  TIMA0_IRQHandler                       
000042e3  TIMA1_IRQHandler                       
000042e3  TIMG0_IRQHandler                       
000042e3  TIMG12_IRQHandler                      
00005211  TIMG6_IRQHandler                       
00006345  TIMG7_IRQHandler                       
000042e3  TIMG8_IRQHandler                       
20201968  Temp                                   
00006e99  UART0_IRQHandler                       
000042e3  UART1_IRQHandler                       
000042e3  UART2_IRQHandler                       
000042e3  UART3_IRQHandler                       
000011e9  Write_IIC_Command                      
00001759  Write_IIC_Data                         
20200000  _25QXX_BUFFER                          
20208000  __STACK_END                            
00000200  __STACK_SIZE                           
00000000  __TI_ATRegion0_region_sz               
00000000  __TI_ATRegion0_src_addr                
00000000  __TI_ATRegion0_trg_addr                
00000000  __TI_ATRegion1_region_sz               
00000000  __TI_ATRegion1_src_addr                
00000000  __TI_ATRegion1_trg_addr                
00000000  __TI_ATRegion2_region_sz               
00000000  __TI_ATRegion2_src_addr                
00000000  __TI_ATRegion2_trg_addr                
00007dbc  __TI_CINIT_Base                        
00007dcc  __TI_CINIT_Limit                       
00007dcc  __TI_CINIT_Warm                        
00007da8  __TI_Handler_Table_Base                
00007db4  __TI_Handler_Table_Limit               
00006aa9  __TI_auto_init_nobinit_nopinit         
00005ec5  __TI_decompress_lzss                   
00006e3b  __TI_decompress_none                   
0000639d  __TI_ltoa                              
ffffffff  __TI_pprof_out_hndl                    
000000c1  __TI_printfi                           
ffffffff  __TI_prof_data_size                    
ffffffff  __TI_prof_data_start                   
00000000  __TI_static_base__                     
00006e6d  __TI_zero_init                         
0000415b  __adddf3                               
000056a7  __addsf3                               
000079e0  __aeabi_ctype_table_                   
000079e0  __aeabi_ctype_table_C                  
00006641  __aeabi_d2iz                           
0000415b  __aeabi_dadd                           
00006165  __aeabi_dcmpeq                         
000061a1  __aeabi_dcmpge                         
000061b5  __aeabi_dcmpgt                         
0000618d  __aeabi_dcmple                         
00006179  __aeabi_dcmplt                         
00004dfd  __aeabi_ddiv                           
000053fd  __aeabi_dmul                           
00004151  __aeabi_dsub                           
20201aa4  __aeabi_errno                          
00006ee1  __aeabi_errno_addr                     
00006935  __aeabi_f2d                            
00006b5d  __aeabi_f2iz                           
00006b95  __aeabi_f2uiz                          
000056a7  __aeabi_fadd                           
000061c9  __aeabi_fcmpeq                         
00006205  __aeabi_fcmpge                         
00006219  __aeabi_fcmpgt                         
000061f1  __aeabi_fcmple                         
000061dd  __aeabi_fcmplt                         
00005dc9  __aeabi_fdiv                           
00005c2d  __aeabi_fmul                           
0000569d  __aeabi_fsub                           
00006c29  __aeabi_i2d                            
00006a31  __aeabi_i2f                            
000064a5  __aeabi_idiv                           
0000500f  __aeabi_idiv0                          
000064a5  __aeabi_idivmod                        
00005e4b  __aeabi_ldiv0                          
00006d59  __aeabi_llsl                           
00006cd1  __aeabi_lmul                           
00006ea5  __aeabi_memclr                         
00006ea5  __aeabi_memclr4                        
00006ea5  __aeabi_memclr8                        
00006ee9  __aeabi_memcpy                         
00006ee9  __aeabi_memcpy4                        
00006ee9  __aeabi_memcpy8                        
00006e7d  __aeabi_memset                         
00006e7d  __aeabi_memset4                        
00006e7d  __aeabi_memset8                        
00006c81  __aeabi_ui2f                           
000068f5  __aeabi_uidiv                          
000068f5  __aeabi_uidivmod                       
00006dc9  __aeabi_uldivmod                       
00006d59  __ashldi3                              
ffffffff  __binit__                              
000063f5  __clzsi2                               
00006091  __cmpdf2                               
00006ae5  __cmpsf2                               
00004dfd  __divdf3                               
00005dc9  __divsf3                               
00006091  __eqdf2                                
00006ae5  __eqsf2                                
00006935  __extendsfdf2                          
00006641  __fixdfsi                              
00006b5d  __fixsfsi                              
00006b95  __fixunssfsi                           
00006c29  __floatsidf                            
00006a31  __floatsisf                            
00006c81  __floatunsisf                          
00006021  __gedf2                                
00006a6d  __gesf2                                
00006021  __gtdf2                                
00006a6d  __gtsf2                                
00006091  __ledf2                                
00006ae5  __lesf2                                
00006091  __ltdf2                                
00006ae5  __ltsf2                                
UNDEFED   __mpu_init                             
000053fd  __muldf3                               
00006cd1  __muldi3                               
00006b21  __muldsi3                              
00005c2d  __mulsf3                               
00006091  __nedf2                                
00006ae5  __nesf2                                
20207e00  __stack                                
20200000  __start___llvm_prf_bits                
20200000  __start___llvm_prf_cnts                
20200000  __stop___llvm_prf_bits                 
20200000  __stop___llvm_prf_cnts                 
00004151  __subdf3                               
0000569d  __subsf3                               
00005a5d  __udivmoddi4                           
00006ca9  _c_int00_noargs                        
20201990  _ftable                                
20201aa8  _lock                                  
00006163  _nop                                   
UNDEFED   _system_post_cinit                     
00006f05  _system_pre_init                       
20201aac  _unlock                                
00006f09  abort                                  
00007800  armBitRevIndexTable_fixed_256          
00006831  arm_bitreversal_16                     
000054e1  arm_cfft_q15                           
00003431  arm_cfft_radix4by2_inverse_q15         
00003771  arm_cfft_radix4by2_q15                 
00007cdc  arm_cfft_sR_q15_len256                 
00005775  arm_cmplx_mag_q15                      
0000671d  arm_max_q15                            
00001cc9  arm_radix4_butterfly_inverse_q15       
000021bd  arm_radix4_butterfly_q15               
000058fd  arm_sqrt_q15                           
00006975  atoi                                   
ffffffff  binit                                  
20201984  dac_current_val                        
2020196c  dac_cycle_pts                          
20201970  dac_fall_pts                           
20201974  dac_fall_remainder                     
20201986  dac_fall_step                          
20201988  dac_max_val                            
2020198a  dac_min_val                            
20201978  dac_point_cnt                          
2020197c  dac_rise_pts                           
20201980  dac_rise_remainder                     
2020198c  dac_rise_step                          
00006ddd  fputc                                  
00005839  fputs                                  
0000628d  frexp                                  
0000628d  frexpl                                 
20201600  gADCBuffer                             
20201ae7  gBufferFull                            
20201940  gSPI1Backup                            
20201ae2  gSampleIndex                           
20201ac4  gSignalAmp_MV                          
20201ac8  gSignalFreq_Hz                         
20201800  gTIMER_1Backup                         
202018a0  gTIMER_2Backup                         
20201ae8  g_adjust_mode                          
20201ae9  g_current_wave                         
20201acc  g_square_duty                          
20201ae4  g_wave_ampl                            
20201ad0  g_wave_freq                            
00000000  interruptVectors                       
20201ad4  last_State                             
000055c5  ldexp                                  
000055c5  ldexpl                                 
00000ac1  main                                   
00006cf5  memccpy                                
00005aff  memcpy                                 
0000622b  memset                                 
20201ad8  now                                    
000062e9  printf                                 
000055c5  scalbn                                 
000055c5  scalbnl                                
20201adc  tick                                   
20201aea  toggle_var                             
00007500  twiddleCoef_256_q15                    
00006e5d  wcslen                                 


GLOBAL SYMBOLS: SORTED BY Symbol Address 

address   name                                   
-------   ----                                   
00000000  __TI_ATRegion0_region_sz               
00000000  __TI_ATRegion0_src_addr                
00000000  __TI_ATRegion0_trg_addr                
00000000  __TI_ATRegion1_region_sz               
00000000  __TI_ATRegion1_src_addr                
00000000  __TI_ATRegion1_trg_addr                
00000000  __TI_ATRegion2_region_sz               
00000000  __TI_ATRegion2_src_addr                
00000000  __TI_ATRegion2_trg_addr                
00000000  __TI_static_base__                     
00000000  interruptVectors                       
000000c1  __TI_printfi                           
00000200  __STACK_SIZE                           
00000ac1  main                                   
000011e9  Write_IIC_Command                      
00001759  Write_IIC_Data                         
00001cc9  arm_radix4_butterfly_inverse_q15       
000021bd  arm_radix4_butterfly_q15               
000026a9  FLASH_CheckAndSaveADCData              
00002b61  GROUP1_IRQHandler                      
00002fd9  Norflash_Write                         
00003431  arm_cfft_radix4by2_inverse_q15         
00003771  arm_cfft_radix4by2_q15                 
00003ab1  Show_FFT_Spectrum                      
00004151  __aeabi_dsub                           
00004151  __subdf3                               
0000415b  __adddf3                               
0000415b  __aeabi_dadd                           
000042e3  ADC1_IRQHandler                        
000042e3  AES_IRQHandler                         
000042e3  CANFD0_IRQHandler                      
000042e3  DAC0_IRQHandler                        
000042e3  DMA_IRQHandler                         
000042e3  Default_Handler                        
000042e3  GROUP0_IRQHandler                      
000042e3  HardFault_Handler                      
000042e3  I2C0_IRQHandler                        
000042e3  I2C1_IRQHandler                        
000042e3  NMI_Handler                            
000042e3  PendSV_Handler                         
000042e3  RTC_IRQHandler                         
000042e3  SPI0_IRQHandler                        
000042e3  SPI1_IRQHandler                        
000042e3  SVC_Handler                            
000042e3  SysTick_Handler                        
000042e3  TIMA0_IRQHandler                       
000042e3  TIMA1_IRQHandler                       
000042e3  TIMG0_IRQHandler                       
000042e3  TIMG12_IRQHandler                      
000042e3  TIMG8_IRQHandler                       
000042e3  UART1_IRQHandler                       
000042e3  UART2_IRQHandler                       
000042e3  UART3_IRQHandler                       
000042e5  Show_Freq_And_Ampl                     
0000445d  DAC_Init                               
000045b9  Norflash_Write_Page                    
00004711  OLED_Clear                             
00004991  Norflash_Erase_Sector                  
00004bd5  Norflash_Read                          
00004ce9  OLED_Init                              
00004dfd  __aeabi_ddiv                           
00004dfd  __divdf3                               
00004f09  OLED_ShowNum                           
0000500f  __aeabi_idiv0                          
00005011  DL_Timer_initFourCCPWMMode             
00005115  DL_Timer_initTimerMode                 
00005211  TIMG6_IRQHandler                       
0000530d  OLED_ShowChar                          
000053fd  __aeabi_dmul                           
000053fd  __muldf3                               
000054e1  arm_cfft_q15                           
000055c5  ldexp                                  
000055c5  ldexpl                                 
000055c5  scalbn                                 
000055c5  scalbnl                                
0000569d  __aeabi_fsub                           
0000569d  __subsf3                               
000056a7  __addsf3                               
000056a7  __aeabi_fadd                           
00005775  arm_cmplx_mag_q15                      
00005839  fputs                                  
000058fd  arm_sqrt_q15                           
000059b5  SYSCFG_DL_GPIO_init                    
00005a5d  __udivmoddi4                           
00005aff  memcpy                                 
00005b99  SYSCFG_DL_PWM_BUZZ_init                
00005c2d  __aeabi_fmul                           
00005c2d  __mulsf3                               
00005cb9  DL_DAC12_init                          
00005d41  SYSCFG_DL_initPower                    
00005dc9  __aeabi_fdiv                           
00005dc9  __divsf3                               
00005e4b  __aeabi_ldiv0                          
00005e4d  SYSCFG_DL_ADC12_0_init                 
00005ec5  __TI_decompress_lzss                   
00005f3d  I2CB1_Init                             
00005fb1  SYSCFG_DL_UART_0_init                  
00006021  __gedf2                                
00006021  __gtdf2                                
00006091  __cmpdf2                               
00006091  __eqdf2                                
00006091  __ledf2                                
00006091  __ltdf2                                
00006091  __nedf2                                
00006163  _nop                                   
00006165  __aeabi_dcmpeq                         
00006179  __aeabi_dcmplt                         
0000618d  __aeabi_dcmple                         
000061a1  __aeabi_dcmpge                         
000061b5  __aeabi_dcmpgt                         
000061c9  __aeabi_fcmpeq                         
000061dd  __aeabi_fcmplt                         
000061f1  __aeabi_fcmple                         
00006205  __aeabi_fcmpge                         
00006219  __aeabi_fcmpgt                         
0000622b  memset                                 
0000628d  frexp                                  
0000628d  frexpl                                 
000062e9  printf                                 
00006345  TIMG7_IRQHandler                       
0000639d  __TI_ltoa                              
000063f5  __clzsi2                               
000064a5  __aeabi_idiv                           
000064a5  __aeabi_idivmod                        
000064fd  SYSCFG_DL_SYSCTL_init                  
000065a5  SYSCFG_DL_init                         
000065f5  SYSCFG_DL_SPI1_init                    
00006641  __aeabi_d2iz                           
00006641  __fixdfsi                              
0000668d  ADC0_IRQHandler                        
000066d5  DL_UART_init                           
0000671d  arm_max_q15                            
00006765  DL_SPI_init                            
000067a9  SYSCFG_DL_TIMER_1_init                 
000067ed  SYSCFG_DL_TIMER_2_init                 
00006831  arm_bitreversal_16                     
00006875  DL_ADC12_setClockConfig                
000068b5  SYSCFG_DL_TIMER_0_init                 
000068f5  __aeabi_uidiv                          
000068f5  __aeabi_uidivmod                       
00006935  __aeabi_f2d                            
00006935  __extendsfdf2                          
00006975  atoi                                   
000069b5  OLED_ShowString                        
000069f5  SYSCFG_DL_DAC12_init                   
00006a31  __aeabi_i2f                            
00006a31  __floatsisf                            
00006a6d  __gesf2                                
00006a6d  __gtsf2                                
00006aa9  __TI_auto_init_nobinit_nopinit         
00006ae5  __cmpsf2                               
00006ae5  __eqsf2                                
00006ae5  __lesf2                                
00006ae5  __ltsf2                                
00006ae5  __nesf2                                
00006b21  __muldsi3                              
00006b5d  __aeabi_f2iz                           
00006b5d  __fixsfsi                              
00006b95  __aeabi_f2uiz                          
00006b95  __fixunssfsi                           
00006bc9  DL_UART_transmitDataBlocking           
00006c29  __aeabi_i2d                            
00006c29  __floatsidf                            
00006c55  OLED_Set_Pos                           
00006c81  __aeabi_ui2f                           
00006c81  __floatunsisf                          
00006ca9  _c_int00_noargs                        
00006cd1  __aeabi_lmul                           
00006cd1  __muldi3                               
00006cf5  memccpy                                
00006d19  DL_SPI_receiveDataBlocking8            
00006d39  DL_DAC12_performSelfCalibrationBlocking
00006d59  __aeabi_llsl                           
00006d59  __ashldi3                              
00006d79  DL_Timer_setCaptCompUpdateMethod       
00006d95  DL_Timer_setClockConfig                
00006db1  DL_Timer_setCaptureCompareOutCtl       
00006dc9  __aeabi_uldivmod                       
00006ddd  fputc                                  
00006e05  DL_SPI_setClockConfig                  
00006e17  DL_UART_setClockConfig                 
00006e29  OLED_WR_Byte                           
00006e3b  __TI_decompress_none                   
00006e4d  DL_Timer_setCaptureCompareValue        
00006e5d  wcslen                                 
00006e6d  __TI_zero_init                         
00006e7d  __aeabi_memset                         
00006e7d  __aeabi_memset4                        
00006e7d  __aeabi_memset8                        
00006e99  UART0_IRQHandler                       
00006ea5  __aeabi_memclr                         
00006ea5  __aeabi_memclr4                        
00006ea5  __aeabi_memclr8                        
00006eb1  DL_Common_delayCycles                  
00006ee1  __aeabi_errno_addr                     
00006ee9  __aeabi_memcpy                         
00006ee9  __aeabi_memcpy4                        
00006ee9  __aeabi_memcpy8                        
00006f01  Reset_Handler                          
00006f05  _system_pre_init                       
00006f08  C$$EXIT                                
00006f09  abort                                  
00006f10  Front_16x8Tab                          
00007500  twiddleCoef_256_q15                    
00007800  armBitRevIndexTable_fixed_256          
000079e0  __aeabi_ctype_table_                   
000079e0  __aeabi_ctype_table_C                  
00007cdc  arm_cfft_sR_q15_len256                 
00007da8  __TI_Handler_Table_Base                
00007db4  __TI_Handler_Table_Limit               
00007dbc  __TI_CINIT_Base                        
00007dcc  __TI_CINIT_Limit                       
00007dcc  __TI_CINIT_Warm                        
20200000  _25QXX_BUFFER                          
20200000  __start___llvm_prf_bits                
20200000  __start___llvm_prf_cnts                
20200000  __stop___llvm_prf_bits                 
20200000  __stop___llvm_prf_cnts                 
20201600  gADCBuffer                             
20201800  gTIMER_1Backup                         
202018a0  gTIMER_2Backup                         
20201940  gSPI1Backup                            
20201968  Temp                                   
2020196c  dac_cycle_pts                          
20201970  dac_fall_pts                           
20201974  dac_fall_remainder                     
20201978  dac_point_cnt                          
2020197c  dac_rise_pts                           
20201980  dac_rise_remainder                     
20201984  dac_current_val                        
20201986  dac_fall_step                          
20201988  dac_max_val                            
2020198a  dac_min_val                            
2020198c  dac_rise_step                          
20201990  _ftable                                
20201a80  ActionDown                             
20201a84  ActionUp                               
20201a94  Refresh                                
20201a98  SettingMode                            
20201a9c  StartScan                              
20201aa0  State                                  
20201aa4  __aeabi_errno                          
20201aa8  _lock                                  
20201aac  _unlock                                
20201ac4  gSignalAmp_MV                          
20201ac8  gSignalFreq_Hz                         
20201acc  g_square_duty                          
20201ad0  g_wave_freq                            
20201ad4  last_State                             
20201ad8  now                                    
20201adc  tick                                   
20201ae2  gSampleIndex                           
20201ae4  g_wave_ampl                            
20201ae7  gBufferFull                            
20201ae8  g_adjust_mode                          
20201ae9  g_current_wave                         
20201aea  toggle_var                             
20207e00  __stack                                
20208000  __STACK_END                            
ffffffff  __TI_pprof_out_hndl                    
ffffffff  __TI_prof_data_size                    
ffffffff  __TI_prof_data_start                   
ffffffff  __binit__                              
ffffffff  binit                                  
UNDEFED   __mpu_init                             
UNDEFED   _system_post_cinit                     

[266 symbols]
